Archive member included to satisfy reference by file (symbol)

D:/tool_chains/STM32CubeCLT_1.21.0/GNU-tools-for-STM32/bin/../lib/gcc/arm-none-eabi/14.3.1/thumb/v7-m/nofp\libgcc.a(_arm_mulsf3.o)
                              Middle/letter_shell/CMakeFiles/Letter_shell.dir/Src/shell_ext.c.obj (__aeabi_fmul)
D:/tool_chains/STM32CubeCLT_1.21.0/GNU-tools-for-STM32/bin/../lib/gcc/arm-none-eabi/14.3.1/thumb/v7-m/nofp\libgcc.a(_arm_addsubsf3.o)
                              Middle/letter_shell/CMakeFiles/Letter_shell.dir/Src/shell_ext.c.obj (__aeabi_ui2f)
D:/tool_chains/STM32CubeCLT_1.21.0/GNU-tools-for-STM32/bin/../lib/gcc/arm-none-eabi/14.3.1/thumb/v7-m/nofp\libgcc.a(_arm_muldivsf3.o)
                              Middle/letter_shell/CMakeFiles/Letter_shell.dir/Src/shell_ext.c.obj (__aeabi_fdiv)
D:/tool_chains/STM32CubeCLT_1.21.0/GNU-tools-for-STM32/bin/../lib/gcc/arm-none-eabi/14.3.1/thumb/v7-m/nofp\libgcc.a(_aeabi_ldivmod.o)
                              BSP/CMakeFiles/BSP.dir/Src/bsp_user_lib.c.obj (__aeabi_ldivmod)
D:/tool_chains/STM32CubeCLT_1.21.0/GNU-tools-for-STM32/bin/../lib/gcc/arm-none-eabi/14.3.1/thumb/v7-m/nofp\libgcc.a(_udivmoddi4.o)
                              D:/tool_chains/STM32CubeCLT_1.21.0/GNU-tools-for-STM32/bin/../lib/gcc/arm-none-eabi/14.3.1/thumb/v7-m/nofp\libgcc.a(_aeabi_ldivmod.o) (__udivmoddi4)
D:/tool_chains/STM32CubeCLT_1.21.0/GNU-tools-for-STM32/bin/../lib/gcc/arm-none-eabi/14.3.1/thumb/v7-m/nofp\libgcc.a(_dvmd_tls.o)
                              D:/tool_chains/STM32CubeCLT_1.21.0/GNU-tools-for-STM32/bin/../lib/gcc/arm-none-eabi/14.3.1/thumb/v7-m/nofp\libgcc.a(_aeabi_ldivmod.o) (__aeabi_ldiv0)
D:/tool_chains/STM32CubeCLT_1.21.0/GNU-tools-for-STM32/bin/../lib/gcc/arm-none-eabi/14.3.1/../../../../arm-none-eabi/lib/thumb/v7-m/nofp\libg_nano.a(libc_a-exit.o)
                              D:/tool_chains/STM32CubeCLT_1.21.0/GNU-tools-for-STM32/bin/../lib/gcc/arm-none-eabi/14.3.1/../../../../arm-none-eabi/lib/thumb/v7-m/nofp/crt0.o (exit)
D:/tool_chains/STM32CubeCLT_1.21.0/GNU-tools-for-STM32/bin/../lib/gcc/arm-none-eabi/14.3.1/../../../../arm-none-eabi/lib/thumb/v7-m/nofp\libg_nano.a(libc_a-findfp.o)
                              D:/tool_chains/STM32CubeCLT_1.21.0/GNU-tools-for-STM32/bin/../lib/gcc/arm-none-eabi/14.3.1/../../../../arm-none-eabi/lib/thumb/v7-m/nofp\libg_nano.a(libc_a-exit.o) (__stdio_exit_handler)
D:/tool_chains/STM32CubeCLT_1.21.0/GNU-tools-for-STM32/bin/../lib/gcc/arm-none-eabi/14.3.1/../../../../arm-none-eabi/lib/thumb/v7-m/nofp\libg_nano.a(libc_a-fwalk.o)
                              D:/tool_chains/STM32CubeCLT_1.21.0/GNU-tools-for-STM32/bin/../lib/gcc/arm-none-eabi/14.3.1/../../../../arm-none-eabi/lib/thumb/v7-m/nofp\libg_nano.a(libc_a-findfp.o) (_fwalk_sglue)
D:/tool_chains/STM32CubeCLT_1.21.0/GNU-tools-for-STM32/bin/../lib/gcc/arm-none-eabi/14.3.1/../../../../arm-none-eabi/lib/thumb/v7-m/nofp\libg_nano.a(libc_a-printf.o)
                              BSP/CMakeFiles/BSP.dir/Src/bsp_timer.c.obj (printf)
D:/tool_chains/STM32CubeCLT_1.21.0/GNU-tools-for-STM32/bin/../lib/gcc/arm-none-eabi/14.3.1/../../../../arm-none-eabi/lib/thumb/v7-m/nofp\libg_nano.a(libc_a-snprintf.o)
                              Middle/letter_shell/CMakeFiles/Letter_shell.dir/Log/log.c.obj (snprintf)
D:/tool_chains/STM32CubeCLT_1.21.0/GNU-tools-for-STM32/bin/../lib/gcc/arm-none-eabi/14.3.1/../../../../arm-none-eabi/lib/thumb/v7-m/nofp\libg_nano.a(libc_a-sprintf.o)
                              Middle/letter_shell/CMakeFiles/Letter_shell.dir/Log/log.c.obj (sprintf)
D:/tool_chains/STM32CubeCLT_1.21.0/GNU-tools-for-STM32/bin/../lib/gcc/arm-none-eabi/14.3.1/../../../../arm-none-eabi/lib/thumb/v7-m/nofp\libg_nano.a(libc_a-stdio.o)
                              D:/tool_chains/STM32CubeCLT_1.21.0/GNU-tools-for-STM32/bin/../lib/gcc/arm-none-eabi/14.3.1/../../../../arm-none-eabi/lib/thumb/v7-m/nofp\libg_nano.a(libc_a-findfp.o) (__sread)
D:/tool_chains/STM32CubeCLT_1.21.0/GNU-tools-for-STM32/bin/../lib/gcc/arm-none-eabi/14.3.1/../../../../arm-none-eabi/lib/thumb/v7-m/nofp\libg_nano.a(libc_a-vsnprintf.o)
                              Middle/letter_shell/CMakeFiles/Letter_shell.dir/Log/log.c.obj (vsnprintf)
D:/tool_chains/STM32CubeCLT_1.21.0/GNU-tools-for-STM32/bin/../lib/gcc/arm-none-eabi/14.3.1/../../../../arm-none-eabi/lib/thumb/v7-m/nofp\libg_nano.a(libc_a-memset.o)
                              D:/tool_chains/STM32CubeCLT_1.21.0/GNU-tools-for-STM32/bin/../lib/gcc/arm-none-eabi/14.3.1/../../../../arm-none-eabi/lib/thumb/v7-m/nofp/crt0.o (memset)
D:/tool_chains/STM32CubeCLT_1.21.0/GNU-tools-for-STM32/bin/../lib/gcc/arm-none-eabi/14.3.1/../../../../arm-none-eabi/lib/thumb/v7-m/nofp\libg_nano.a(libc_a-strncmp.o)
                              Middle/letter_shell/CMakeFiles/Letter_shell.dir/Src/shell.c.obj (strncmp)
D:/tool_chains/STM32CubeCLT_1.21.0/GNU-tools-for-STM32/bin/../lib/gcc/arm-none-eabi/14.3.1/../../../../arm-none-eabi/lib/thumb/v7-m/nofp\libg_nano.a(libc_a-closer.o)
[...]
Memory Configuration

Name             Origin             Length             Attributes
RAM              0x20000000         0x00010000         xrw
FLASH            0x08000000         0x00080000         xr
*default*        0x00000000         0xffffffff

Linker script and memory map

LOAD D:/tool_chains/STM32CubeCLT_1.21.0/GNU-tools-for-STM32/bin/../lib/gcc/arm-none-eabi/14.3.1/thumb/v7-m/nofp/crti.o
LOAD D:/tool_chains/STM32CubeCLT_1.21.0/GNU-tools-for-STM32/bin/../lib/gcc/arm-none-eabi/14.3.1/thumb/v7-m/nofp/crtbegin.o
LOAD D:/tool_chains/STM32CubeCLT_1.21.0/GNU-tools-for-STM32/bin/../lib/gcc/arm-none-eabi/14.3.1/../../../../arm-none-eabi/lib/thumb/v7-m/nofp/crt0.o
LOAD Drivers/CMakeFiles/STM32_Drivers.dir/CMSIS/Device/ST/STM32F1xx/Source/Templates/gcc/startup_stm32f103xe.s.obj
LOAD Drivers/CMakeFiles/STM32_Drivers.dir/CMSIS/Device/ST/STM32F1xx/Source/Templates/system_stm32f1xx.c.obj
LOAD Drivers/CMakeFiles/STM32_Drivers.dir/STM32F1xx_HAL_Driver/Src/stm32f1xx_hal.c.obj
LOAD Drivers/CMakeFiles/STM32_Drivers.dir/STM32F1xx_HAL_Driver/Src/stm32f1xx_hal_cortex.c.obj
LOAD Drivers/CMakeFiles/STM32_Drivers.dir/STM32F1xx_HAL_Driver/Src/stm32f1xx_hal_dma.c.obj
LOAD Drivers/CMakeFiles/STM32_Drivers.dir/STM32F1xx_HAL_Driver/Src/stm32f1xx_hal_exti.c.obj
LOAD Drivers/CMakeFiles/STM32_Drivers.dir/STM32F1xx_HAL_Driver/Src/stm32f1xx_hal_flash.c.obj
LOAD Drivers/CMakeFiles/STM32_Drivers.dir/STM32F1xx_HAL_Driver/Src/stm32f1xx_hal_flash_ex.c.obj
LOAD Drivers/CMakeFiles/STM32_Drivers.dir/STM32F1xx_HAL_Driver/Src/stm32f1xx_hal_gpio.c.obj
LOAD Drivers/CMakeFiles/STM32_Drivers.dir/STM32F1xx_HAL_Driver/Src/stm32f1xx_hal_gpio_ex.c.obj
LOAD Drivers/CMakeFiles/STM32_Drivers.dir/STM32F1xx_HAL_Driver/Src/stm32f1xx_hal_pwr.c.obj
LOAD Drivers/CMakeFiles/STM32_Drivers.dir/STM32F1xx_HAL_Driver/Src/stm32f1xx_hal_rcc.c.obj
LOAD Drivers/CMakeFiles/STM32_Drivers.dir/STM32F1xx_HAL_Driver/Src/stm32f1xx_hal_rcc_ex.c.obj
LOAD Drivers/CMakeFiles/STM32_Drivers.dir/STM32F1xx_HAL_Driver/Src/stm32f1xx_hal_spi.c.obj
LOAD Drivers/CMakeFiles/STM32_Drivers.dir/STM32F1xx_HAL_Driver/Src/stm32f1xx_hal_tim.c.obj
LOAD Drivers/CMakeFiles/STM32_Drivers.dir/STM32F1xx_HAL_Driver/Src/stm32f1xx_hal_uart.c.obj
LOAD Drivers/CMakeFiles/STM32_Drivers.dir/syscalls.c.obj
LOAD Drivers/CMakeFiles/STM32_Drivers.dir/sysmem.c.obj
LOAD BSP/CMakeFiles/BSP.dir/Src/bsp_timer.c.obj
LOAD BSP/CMakeFiles/BSP.dir/Src/bsp_uart_fifo.c.obj
LOAD BSP/CMakeFiles/BSP.dir/Src/bsp_user_lib.c.obj
LOAD BSP/CMakeFiles/BSP.dir/bsp.c.obj
LOAD BSP/CMakeFiles/BSP.dir/bsp_msg.c.obj
LOAD Middle/letter_shell/CMakeFiles/Letter_shell.dir/Log/log.c.obj
LOAD Middle/letter_shell/CMakeFiles/Letter_shell.dir/Src/shell.c.obj
LOAD Middle/letter_shell/CMakeFiles/Letter_shell.dir/Src/shell_cmd_list.c.obj
LOAD Middle/letter_shell/CMakeFiles/Letter_shell.dir/Src/shell_companion.c.obj
LOAD Middle/letter_shell/CMakeFiles/Letter_shell.dir/Src/shell_ext.c.obj
LOAD Middle/letter_shell/CMakeFiles/Letter_shell.dir/shell_port.c.obj
LOAD APP/CMakeFiles/APP.dir/Src/uart_ota.c.obj
LOAD APP/CMakeFiles/APP.dir/main.c.obj
LOAD D:/tool_chains/STM32CubeCLT_1.21.0/GNU-tools-for-STM32/bin/../lib/gcc/arm-none-eabi/14.3.1/../../../../arm-none-eabi/lib/thumb/v7-m/nofp\libm.a
START GROUP
LOAD D:/tool_chains/STM32CubeCLT_1.21.0/GNU-tools-for-STM32/bin/../lib/gcc/arm-none-eabi/14.3.1/thumb/v7-m/nofp\libgcc.a
LOAD D:/tool_chains/STM32CubeCLT_1.21.0/GNU-tools-for-STM32/bin/../lib/gcc/arm-none-eabi/14.3.1/../../../../arm-none-eabi/lib/thumb/v7-m/nofp\libg_nano.a
LOAD D:/tool_chains/STM32CubeCLT_1.21.0/GNU-tools-for-STM32/bin/../lib/gcc/arm-none-eabi/14.3.1/../../../../arm-none-eabi/lib/thumb/v7-m/nofp\libc_nano.a
END GROUP
START GROUP
LOAD D:/tool_chains/STM32CubeCLT_1.21.0/GNU-tools-for-STM32/bin/../lib/gcc/arm-none-eabi/14.3.1/thumb/v7-m/nofp\libgcc.a
LOAD D:/tool_chains/STM32CubeCLT_1.21.0/GNU-tools-for-STM32/bin/../lib/gcc/arm-none-eabi/14.3.1/../../../../arm-none-eabi/lib/thumb/v7-m/nofp\libc_nano.a
END GROUP
LOAD D:/tool_chains/STM32CubeCLT_1.21.0/GNU-tools-for-STM32/bin/../lib/gcc/arm-none-eabi/14.3.1/thumb/v7-m/nofp/crtend.o
LOAD D:/tool_chains/STM32CubeCLT_1.21.0/GNU-tools-for-STM32/bin/../lib/gcc/arm-none-eabi/14.3.1/thumb/v7-m/nofp/crtn.o
                0x20010000                        _estack = (ORIGIN (RAM) + LENGTH (RAM))
                0x2000fc00                        _sstack = (_estack - _Min_Stack_Size)
                0x00000200                        _Min_Heap_Size = 0x200
                0x00000400                        _Min_Stack_Size = 0x400

.isr_vector     0x08000000      0x1e4
                0x08000000                        . = ALIGN (0x4)
 *(.isr_vector)
 .isr_vector    0x08000000      0x1e4 Drivers/CMakeFiles/STM32_Drivers.dir/CMSIS/Device/ST/STM32F1xx/Source/Templates/gcc/startup_stm32f103xe.s.obj
                0x08000000                g_pfnVectors
                0x080001e4                        . = ALIGN (0x4)

.text           0x080001e4     0x28f0
                0x080001e4                        . = ALIGN (0x4)
 *(.text)
 .text          0x080001e4       0x40 D:/tool_chains/STM32CubeCLT_1.21.0/GNU-tools-for-STM32/bin/../lib/gcc/arm-none-eabi/14.3.1/thumb/v7-m/nofp/crtbegin.o
 *(.text*)
 .text.Reset_Handler
                0x08000224       0x48 Drivers/CMakeFiles/STM32_Drivers.dir/CMSIS/Device/ST/STM32F1xx/Source/Templates/gcc/startup_stm32f103xe.s.obj
                0x08000224                Reset_Handler
 .text.Default_Handler
                0x0800026c        0x2 Drivers/CMakeFiles/STM32_Drivers.dir/CMSIS/Device/ST/STM32F1xx/Source/Templates/gcc/startup_stm32f103xe.s.obj
                0x0800026c                RTC_Alarm_IRQHandler
                0x0800026c                EXTI2_IRQHandler
                0x0800026c                TIM8_TRG_COM_IRQHandler
                0x0800026c                TIM8_CC_IRQHandler
                0x0800026c                DebugMon_Handler
                0x0800026c                TIM1_CC_IRQHandler
                0x0800026c                HardFault_Handler
                0x0800026c                TIM6_IRQHandler
                0x0800026c                PVD_IRQHandler
                0x0800026c                SDIO_IRQHandler
                0x0800026c                PendSV_Handler
                0x0800026c                NMI_Handler
                0x0800026c                EXTI3_IRQHandler
                0x0800026c                EXTI0_IRQHandler
                0x0800026c                I2C2_EV_IRQHandler
                0x0800026c                UsageFault_Handler
                0x0800026c                ADC1_2_IRQHandler
                0x0800026c                SPI1_IRQHandler
                0x0800026c                TAMPER_IRQHandler
                0x0800026c                TIM8_UP_IRQHandler
                0x0800026c                DMA2_Channel2_IRQHandler
                0x0800026c                DMA1_Channel4_IRQHandler
                0x0800026c                USART3_IRQHandler
                0x0800026c                RTC_IRQHandler
                0x0800026c                DMA1_Channel7_IRQHandler
                0x0800026c                CAN1_RX1_IRQHandler
                0x0800026c                UART5_IRQHandler
                0x0800026c                ADC3_IRQHandler
                0x0800026c                TIM4_IRQHandler
                0x0800026c                DMA2_Channel1_IRQHandler
                0x0800026c                I2C1_EV_IRQHandler
                0x0800026c                DMA1_Channel6_IRQHandler
                0x0800026c                UART4_IRQHandler
                0x0800026c                TIM3_IRQHandler
                0x0800026c                RCC_IRQHandler
                0x0800026c                TIM1_TRG_COM_IRQHandler
                0x0800026c                DMA1_Channel1_IRQHandler
                0x0800026c                Default_Handler
                0x0800026c                EXTI15_10_IRQHandler
                0x0800026c                TIM7_IRQHandler
                0x0800026c                TIM5_IRQHandler
                0x0800026c                EXTI9_5_IRQHandler
                0x0800026c                SPI2_IRQHandler
                0x0800026c                MemManage_Handler
                0x0800026c                SVC_Handler
                0x0800026c                DMA1_Channel5_IRQHandler
                0x0800026c                EXTI4_IRQHandler
                0x0800026c                USB_LP_CAN1_RX0_IRQHandler
                0x0800026c                USB_HP_CAN1_TX_IRQHandler
                0x0800026c                DMA1_Channel3_IRQHandler
                0x0800026c                FSMC_IRQHandler
                0x0800026c                TIM1_UP_IRQHandler
                0x0800026c                WWDG_IRQHandler
                0x0800026c                TIM1_BRK_IRQHandler
                0x0800026c                EXTI1_IRQHandler
                0x0800026c                DMA2_Channel4_5_IRQHandler
                0x0800026c                I2C2_ER_IRQHandler
                0x0800026c                DMA1_Channel2_IRQHandler
                0x0800026c                TIM8_BRK_IRQHandler
                0x0800026c                CAN1_SCE_IRQHandler
                0x0800026c                FLASH_IRQHandler
                0x0800026c                BusFault_Handler
                0x0800026c                SPI3_IRQHandler
                0x0800026c                I2C1_ER_IRQHandler
                0x0800026c                USBWakeUp_IRQHandler
                0x0800026c                DMA2_Channel3_IRQHandler
 .text.SystemInit
                0x0800026e        0xc Drivers/CMakeFiles/STM32_Drivers.dir/CMSIS/Device/ST/STM32F1xx/Source/Templates/system_stm32f1xx.c.obj
                0x0800026e                SystemInit
 *fill*         0x0800027a        0x2 
 .text.HAL_Init
                0x0800027c       0x2c Drivers/CMakeFiles/STM32_Drivers.dir/STM32F1xx_HAL_Driver/Src/stm32f1xx_hal.c.obj
                0x0800027c                HAL_Init
 .text.HAL_MspInit
                0x080002a8        0xc Drivers/CMakeFiles/STM32_Drivers.dir/STM32F1xx_HAL_Driver/Src/stm32f1xx_hal.c.obj
                0x080002a8                HAL_MspInit
 .text.HAL_InitTick
                0x080002b4       0x60 Drivers/CMakeFiles/STM32_Drivers.dir/STM32F1xx_HAL_Driver/Src/stm32f1xx_hal.c.obj
                0x080002b4                HAL_InitTick
 .text.HAL_IncTick
                0x08000314       0x24 Drivers/CMakeFiles/STM32_Drivers.dir/STM32F1xx_HAL_Driver/Src/stm32f1xx_hal.c.obj
                0x08000314                HAL_IncTick
 .text.HAL_GetTick
                0x08000338       0x14 Drivers/CMakeFiles/STM32_Drivers.dir/STM32F1xx_HAL_Driver/Src/stm32f1xx_hal.c.obj
                0x08000338                HAL_GetTick
 .text.__NVIC_SetPriorityGrouping
                0x0800034c       0x48 Drivers/CMakeFiles/STM32_Drivers.dir/STM32F1xx_HAL_Driver/Src/stm32f1xx_hal_cortex.c.obj
 .text.__NVIC_GetPriorityGrouping
                0x08000394       0x1c Drivers/CMakeFiles/STM32_Drivers.dir/STM32F1xx_HAL_Driver/Src/stm32f1xx_hal_cortex.c.obj
 .text.__NVIC_EnableIRQ
                0x080003b0       0x38 Drivers/CMakeFiles/STM32_Drivers.dir/STM32F1xx_HAL_Driver/Src/stm32f1xx_hal_cortex.c.obj
 .text.__NVIC_SetPriority
                0x080003e8       0x54 Drivers/CMakeFiles/STM32_Drivers.dir/STM32F1xx_HAL_Driver/Src/stm32f1xx_hal_cortex.c.obj
 .text.NVIC_EncodePriority
                0x0800043c       0x64 Drivers/CMakeFiles/STM32_Drivers.dir/STM32F1xx_HAL_Driver/Src/stm32f1xx_hal_cortex.c.obj
 .text.SysTick_Config
                0x080004a0       0x44 Drivers/CMakeFiles/STM32_Drivers.dir/STM32F1xx_HAL_Driver/Src/stm32f1xx_hal_cortex.c.obj
 .text.HAL_NVIC_SetPriorityGrouping
                0x080004e4       0x16 Drivers/CMakeFiles/STM32_Drivers.dir/STM32F1xx_HAL_Driver/Src/stm32f1xx_hal_cortex.c.obj
                0x080004e4                HAL_NVIC_SetPriorityGrouping
 .text.HAL_NVIC_SetPriority
                0x080004fa       0x38 Drivers/CMakeFiles/STM32_Drivers.dir/STM32F1xx_HAL_Driver/Src/stm32f1xx_hal_cortex.c.obj
                0x080004fa                HAL_NVIC_SetPriority
 .text.HAL_NVIC_EnableIRQ
                0x08000532       0x1c Drivers/CMakeFiles/STM32_Drivers.dir/STM32F1xx_HAL_Driver/Src/stm32f1xx_hal_cortex.c.obj
                0x08000532                HAL_NVIC_EnableIRQ
 .text.HAL_SYSTICK_Config
                0x0800054e       0x18 Drivers/CMakeFiles/STM32_Drivers.dir/STM32F1xx_HAL_Driver/Src/stm32f1xx_hal_cortex.c.obj
                0x0800054e                HAL_SYSTICK_Config
 .text.HAL_DMA_Abort
                0x08000566       0x76 Drivers/CMakeFiles/STM32_Drivers.dir/STM32F1xx_HAL_Driver/Src/stm32f1xx_hal_dma.c.obj
                0x08000566                HAL_DMA_Abort
 .text.HAL_DMA_Abort_IT
                0x080005dc      0x210 Drivers/CMakeFiles/STM32_Drivers.dir/STM32F1xx_HAL_Driver/Src/stm32f1xx_hal_dma.c.obj
                0x080005dc                HAL_DMA_Abort_IT
 .text.HAL_GPIO_Init
                0x080007ec      0x328 Drivers/CMakeFiles/STM32_Drivers.dir/STM32F1xx_HAL_Driver/Src/stm32f1xx_hal_gpio.c.obj
                0x080007ec                HAL_GPIO_Init
 .text.HAL_RCC_OscConfig
                0x08000b14      0x504 Drivers/CMakeFiles/STM32_Drivers.dir/STM32F1xx_HAL_Driver/Src/stm32f1xx_hal_rcc.c.obj
                0x08000b14                HAL_RCC_OscConfig
 .text.HAL_RCC_ClockConfig
                0x08001018      0x1d4 Drivers/CMakeFiles/STM32_Drivers.dir/STM32F1xx_HAL_Driver/Src/stm32f1xx_hal_rcc.c.obj
                0x08001018                HAL_RCC_ClockConfig
 .text.HAL_RCC_GetSysClockFreq
                0x080011ec       0xa8 Drivers/CMakeFiles/STM32_Drivers.dir/STM32F1xx_HAL_Driver/Src/stm32f1xx_hal_rcc.c.obj
                0x080011ec                HAL_RCC_GetSysClockFreq
 .text.HAL_RCC_GetHCLKFreq
                0x08001294       0x14 Drivers/CMakeFiles/STM32_Drivers.dir/STM32F1xx_HAL_Driver/Src/stm32f1xx_hal_rcc.c.obj
                0x08001294                HAL_RCC_GetHCLKFreq
 .text.HAL_RCC_GetPCLK1Freq
                0x080012a8       0x28 Drivers/CMakeFiles/STM32_Drivers.dir/STM32F1xx_HAL_Driver/Src/stm32f1xx_hal_rcc.c.obj
                0x080012a8                HAL_RCC_GetPCLK1Freq
 .text.HAL_RCC_GetPCLK2Freq
                0x080012d0       0x28 Drivers/CMakeFiles/STM32_Drivers.dir/STM32F1xx_HAL_Driver/Src/stm32f1xx_hal_rcc.c.obj
                0x080012d0                HAL_RCC_GetPCLK2Freq
 .text.RCC_Delay
                0x080012f8       0x3c Drivers/CMakeFiles/STM32_Drivers.dir/STM32F1xx_HAL_Driver/Src/stm32f1xx_hal_rcc.c.obj
 .text.HAL_TIM_Base_Init
                0x08001334       0x9e Drivers/CMakeFiles/STM32_Drivers.dir/STM32F1xx_HAL_Driver/Src/stm32f1xx_hal_tim.c.obj
                0x08001334                HAL_TIM_Base_Init
 .text.HAL_TIM_Base_MspInit
                0x080013d2       0x12 Drivers/CMakeFiles/STM32_Drivers.dir/STM32F1xx_HAL_Driver/Src/stm32f1xx_hal_tim.c.obj
                0x080013d2                HAL_TIM_Base_MspInit
 .text.HAL_TIM_Base_Start
                0x080013e4       0xb0 Drivers/CMakeFiles/STM32_Drivers.dir/STM32F1xx_HAL_Driver/Src/stm32f1xx_hal_tim.c.obj
                0x080013e4                HAL_TIM_Base_Start
 .text.TIM_Base_SetConfig
                0x08001494      0x10c Drivers/CMakeFiles/STM32_Drivers.dir/STM32F1xx_HAL_Driver/Src/stm32f1xx_hal_tim.c.obj
                0x08001494                TIM_Base_SetConfig
 .text.HAL_UART_Init
                0x080015a0       0xa0 Drivers/CMakeFiles/STM32_Drivers.dir/STM32F1xx_HAL_Driver/Src/stm32f1xx_hal_uart.c.obj
                0x080015a0                HAL_UART_Init
 .text.HAL_UART_MspInit
                0x08001640       0x12 Drivers/CMakeFiles/STM32_Drivers.dir/STM32F1xx_HAL_Driver/Src/stm32f1xx_hal_uart.c.obj
                0x08001640                HAL_UART_MspInit
 .text.HAL_UART_Receive_IT
                0x08001652       0x4a Drivers/CMakeFiles/STM32_Drivers.dir/STM32F1xx_HAL_Driver/Src/stm32f1xx_hal_uart.c.obj
                0x08001652                HAL_UART_Receive_IT
 .text.HAL_UART_IRQHandler
                0x0800169c      0x524 Drivers/CMakeFiles/STM32_Drivers.dir/STM32F1xx_HAL_Driver/Src/stm32f1xx_hal_uart.c.obj
                0x0800169c                HAL_UART_IRQHandler
 .text.HAL_UART_TxCpltCallback
                0x08001bc0       0x12 Drivers/CMakeFiles/STM32_Drivers.dir/STM32F1xx_HAL_Driver/Src/stm32f1xx_hal_uart.c.obj
                0x08001bc0                HAL_UART_TxCpltCallback
 .text.HAL_UARTEx_RxEventCallback
                0x08001bd2       0x16 Drivers/CMakeFiles/STM32_Drivers.dir/STM32F1xx_HAL_Driver/Src/stm32f1xx_hal_uart.c.obj
                0x08001bd2                HAL_UARTEx_RxEventCallback
 .text.UART_Start_Receive_IT
                0x08001be8       0x72 Drivers/CMakeFiles/STM32_Drivers.dir/STM32F1xx_HAL_Driver/Src/stm32f1xx_hal_uart.c.obj
                0x08001be8                UART_Start_Receive_IT
 .text.UART_EndRxTransfer
                0x08001c5a       0xc4 Drivers/CMakeFiles/STM32_Drivers.dir/STM32F1xx_HAL_Driver/Src/stm32f1xx_hal_uart.c.obj
 .text.UART_DMAAbortOnError
                0x08001d1e       0x28 Drivers/CMakeFiles/STM32_Drivers.dir/STM32F1xx_HAL_Driver/Src/stm32f1xx_hal_uart.c.obj
 .text.UART_Transmit_IT
                0x08001d46       0x9e Drivers/CMakeFiles/STM32_Drivers.dir/STM32F1xx_HAL_Driver/Src/stm32f1xx_hal_uart.c.obj
 .text.UART_EndTransmit_IT
                0x08001de4       0x30 Drivers/CMakeFiles/STM32_Drivers.dir/STM32F1xx_HAL_Driver/Src/stm32f1xx_hal_uart.c.obj
 .text.UART_Receive_IT
                0x08001e14      0x17c Drivers/CMakeFiles/STM32_Drivers.dir/STM32F1xx_HAL_Driver/Src/stm32f1xx_hal_uart.c.obj
 .text.UART_SetConfig
                0x08001f90      0x11c Drivers/CMakeFiles/STM32_Drivers.dir/STM32F1xx_HAL_Driver/Src/stm32f1xx_hal_uart.c.obj
 .text.__NVIC_SetPriority
                0x080020ac       0x54 BSP/CMakeFiles/BSP.dir/Src/bsp_timer.c.obj
 .text.SysTick_Config
                0x08002100       0x44 BSP/CMakeFiles/BSP.dir/Src/bsp_timer.c.obj
 .text.bsp_InitTimer
                0x08002144       0x9c BSP/CMakeFiles/BSP.dir/Src/bsp_timer.c.obj
                0x08002144                bsp_InitTimer
 .text.SysTick_ISR
                0x080021e0       0xa4 BSP/CMakeFiles/BSP.dir/Src/bsp_timer.c.obj
                0x080021e0                SysTick_ISR
 .text.bsp_SoftTimerDec
                0x08002284       0x40 BSP/CMakeFiles/BSP.dir/Src/bsp_timer.c.obj
 .text.SysTick_Handler
                0x080022c4       0x20 BSP/CMakeFiles/BSP.dir/Src/bsp_timer.c.obj
                0x080022c4                SysTick_Handler
 .text.bsp_InitHardTimer
                0x080022e4       0xd8 BSP/CMakeFiles/BSP.dir/Src/bsp_timer.c.obj
                0x080022e4                bsp_InitHardTimer
 .text.TIM2_IRQHandler
                0x080023bc      0x12c BSP/CMakeFiles/BSP.dir/Src/bsp_timer.c.obj
                0x080023bc                TIM2_IRQHandler
 .text.bsp_InitUart
                0x080024e8       0x10 BSP/CMakeFiles/BSP.dir/Src/bsp_uart_fifo.c.obj
                0x080024e8                bsp_InitUart
 .text.UartVarInit
                0x080024f8       0x7c BSP/CMakeFiles/BSP.dir/Src/bsp_uart_fifo.c.obj
 .text.bsp_SetUartParam
                0x08002574       0x54 BSP/CMakeFiles/BSP.dir/Src/bsp_uart_fifo.c.obj
                0x08002574                bsp_SetUartParam
 .text.InitHardUart
                0x080025c8       0xd4 BSP/CMakeFiles/BSP.dir/Src/bsp_uart_fifo.c.obj
 .text.UartIRQ  0x0800269c      0x19c BSP/CMakeFiles/BSP.dir/Src/bsp_uart_fifo.c.obj
 .text.USART2_IRQHandler
                0x08002838       0x14 BSP/CMakeFiles/BSP.dir/Src/bsp_uart_fifo.c.obj
                0x08002838                USART2_IRQHandler
 .text.bsp_Init
                0x0800284c       0x18 BSP/CMakeFiles/BSP.dir/bsp.c.obj
                0x0800284c                bsp_Init
 .text.SystemClock_Config
                0x08002864       0x98 BSP/CMakeFiles/BSP.dir/bsp.c.obj
 .text.Error_Handler
                0x080028fc       0x1c BSP/CMakeFiles/BSP.dir/bsp.c.obj
                0x080028fc                Error_Handler
 .text.bsp_RunPer10ms
                0x08002918        0xc BSP/CMakeFiles/BSP.dir/bsp.c.obj
                0x08002918                bsp_RunPer10ms
 .text.bsp_RunPer1ms
                0x08002924        0xc BSP/CMakeFiles/BSP.dir/bsp.c.obj
                0x08002924                bsp_RunPer1ms
 .text.bsp_InitMsg
                0x08002930        0xc BSP/CMakeFiles/BSP.dir/bsp_msg.c.obj
                0x08002930                bsp_InitMsg
 .text.bsp_ClearMsg
                0x0800293c       0x1c BSP/CMakeFiles/BSP.dir/bsp_msg.c.obj
                0x0800293c                bsp_ClearMsg
 .text.USART1_IRQHandler
                0x08002958       0x14 Middle/letter_shell/CMakeFiles/Letter_shell.dir/shell_port.c.obj
                0x08002958                USART1_IRQHandler
 .text.HAL_UART_RxCpltCallback
                0x0800296c       0x70 Middle/letter_shell/CMakeFiles/Letter_shell.dir/shell_port.c.obj
                0x0800296c                HAL_UART_RxCpltCallback
 .text.HAL_UART_ErrorCallback
                0x080029dc       0x74 Middle/letter_shell/CMakeFiles/Letter_shell.dir/shell_port.c.obj
                0x080029dc                HAL_UART_ErrorCallback
 .text.main     0x08002a50       0x12 APP/CMakeFiles/APP.dir/main.c.obj
                0x08002a50                main
 .text.memset   0x08002a62       0x10 D:/tool_chains/STM32CubeCLT_1.21.0/GNU-tools-for-STM32/bin/../lib/gcc/arm-none-eabi/14.3.1/../../../../arm-none-eabi/lib/thumb/v7-m/nofp\libg_nano.a(libc_a-memset.o)
                0x08002a62                memset
 *fill*         0x08002a72        0x2 
 .text.__libc_init_array
                0x08002a74       0x48 D:/tool_chains/STM32CubeCLT_1.21.0/GNU-tools-for-STM32/bin/../lib/gcc/arm-none-eabi/14.3.1/../../../../arm-none-eabi/lib/thumb/v7-m/nofp\libg_nano.a(libc_a-init.o)
                0x08002a74                __libc_init_array
 *(.glue_7)
 .glue_7        0x08002abc        0x0 linker stubs
 *(.glue_7t)
 .glue_7t       0x08002abc        0x0 linker stubs
 *(.eh_frame)
 .eh_frame      0x08002abc        0x0 D:/tool_chains/STM32CubeCLT_1.21.0/GNU-tools-for-STM32/bin/../lib/gcc/arm-none-eabi/14.3.1/thumb/v7-m/nofp/crtbegin.o
 *(.init)
 .init          0x08002abc        0x4 D:/tool_chains/STM32CubeCLT_1.21.0/GNU-tools-for-STM32/bin/../lib/gcc/arm-none-eabi/14.3.1/thumb/v7-m/nofp/crti.o
                0x08002abc                _init
 .init          0x08002ac0        0x8 D:/tool_chains/STM32CubeCLT_1.21.0/GNU-tools-for-STM32/bin/../lib/gcc/arm-none-eabi/14.3.1/thumb/v7-m/nofp/crtn.o
 *(.fini)
 .fini          0x08002ac8        0x4 D:/tool_chains/STM32CubeCLT_1.21.0/GNU-tools-for-STM32/bin/../lib/gcc/arm-none-eabi/14.3.1/thumb/v7-m/nofp/crti.o
                0x08002ac8                _fini
 .fini          0x08002acc        0x8 D:/tool_chains/STM32CubeCLT_1.21.0/GNU-tools-for-STM32/bin/../lib/gcc/arm-none-eabi/14.3.1/thumb/v7-m/nofp/crtn.o
                0x08002ad4                        . = ALIGN (0x4)
                0x08002ad4                        _etext = .

.vfp11_veneer   0x08002ad4        0x0
 .vfp11_veneer  0x08002ad4        0x0 linker stubs

.v4_bx          0x08002ad4        0x0
 .v4_bx         0x08002ad4        0x0 linker stubs

.iplt           0x08002ad4        0x0
 .iplt          0x08002ad4        0x0 D:/tool_chains/STM32CubeCLT_1.21.0/GNU-tools-for-STM32/bin/../lib/gcc/arm-none-eabi/14.3.1/thumb/v7-m/nofp/crtbegin.o

.rodata         0x08002ad4       0xd8
                0x08002ad4                        . = ALIGN (0x4)
 *(.rodata)
 .rodata        0x08002ad4       0x50 BSP/CMakeFiles/BSP.dir/Src/bsp_timer.c.obj
 .rodata        0x08002b24       0x34 BSP/CMakeFiles/BSP.dir/Src/bsp_uart_fifo.c.obj
 .rodata        0x08002b58       0x26 BSP/CMakeFiles/BSP.dir/bsp.c.obj
 *(.rodata*)
 *fill*         0x08002b7e        0x2 
 .rodata.AHBPrescTable
                0x08002b80       0x10 Drivers/CMakeFiles/STM32_Drivers.dir/CMSIS/Device/ST/STM32F1xx/Source/Templates/system_stm32f1xx.c.obj
                0x08002b80                AHBPrescTable
 .rodata.APBPrescTable
                0x08002b90        0x8 Drivers/CMakeFiles/STM32_Drivers.dir/CMSIS/Device/ST/STM32F1xx/Source/Templates/system_stm32f1xx.c.obj
                0x08002b90                APBPrescTable
 .rodata.aPLLMULFactorTable.1
                0x08002b98       0x10 Drivers/CMakeFiles/STM32_Drivers.dir/STM32F1xx_HAL_Driver/Src/stm32f1xx_hal_rcc.c.obj
 .rodata.aPredivFactorTable.0
                0x08002ba8        0x2 Drivers/CMakeFiles/STM32_Drivers.dir/STM32F1xx_HAL_Driver/Src/stm32f1xx_hal_rcc.c.obj
                0x08002bac                        . = ALIGN (0x4)
 *fill*         0x08002baa        0x2 

.shell_command  0x08002bac        0x0
                0x08002bac                        . = ALIGN (0x4)
                0x08002bac                        _shell_command_start = .
 *(shellCommand)
                0x08002bac                        _shell_command_end = .

.ARM.extab      0x08002bac        0x0
                0x08002bac                        . = ALIGN (0x4)
 *(.ARM.extab* .gnu.linkonce.armextab.*)
                0x08002bac                        . = ALIGN (0x4)

.ARM            0x08002bac        0x0
                0x08002bac                        . = ALIGN (0x4)
                0x08002bac                        __exidx_start = .
 *(.ARM.exidx*)
                0x08002bac                        __exidx_end = .
                0x08002bac                        . = ALIGN (0x4)

.preinit_array  0x08002bac        0x0
                0x08002bac                        . = ALIGN (0x4)
                0x08002bac                        PROVIDE (__preinit_array_start = .)
 *(.preinit_array*)
                0x08002bac                        PROVIDE (__preinit_array_end = .)
                0x08002bac                        . = ALIGN (0x4)

.init_array     0x08002bac        0x4
                0x08002bac                        . = ALIGN (0x4)
                0x08002bac                        PROVIDE (__init_array_start = .)
 *(SORT_BY_NAME(.init_array.*))
 *(.init_array*)
 .init_array    0x08002bac        0x4 D:/tool_chains/STM32CubeCLT_1.21.0/GNU-tools-for-STM32/bin/../lib/gcc/arm-none-eabi/14.3.1/thumb/v7-m/nofp/crtbegin.o
                0x08002bb0                        PROVIDE (__init_array_end = .)
                0x08002bb0                        . = ALIGN (0x4)

.fini_array     0x08002bb0        0x4
                0x08002bb0                        . = ALIGN (0x4)
                [!provide]                        PROVIDE (__fini_array_start = .)
 *(SORT_BY_NAME(.fini_array.*))
 *(.fini_array*)
 .fini_array    0x08002bb0        0x4 D:/tool_chains/STM32CubeCLT_1.21.0/GNU-tools-for-STM32/bin/../lib/gcc/arm-none-eabi/14.3.1/thumb/v7-m/nofp/crtbegin.o
                [!provide]                        PROVIDE (__fini_array_end = .)
                0x08002bb4                        . = ALIGN (0x4)
                0x08002bb4                        _sidata = LOADADDR (.data)

.rel.dyn        0x08002bb4        0x0
 .rel.iplt      0x08002bb4        0x0 D:/tool_chains/STM32CubeCLT_1.21.0/GNU-tools-for-STM32/bin/../lib/gcc/arm-none-eabi/14.3.1/thumb/v7-m/nofp/crtbegin.o

.data           0x20000000        0xc load address 0x08002bb4
                0x20000000                        . = ALIGN (0x4)
                0x20000000                        _sdata = .
 *(.data)
 *(.data*)
 .data.SystemCoreClock
                0x20000000        0x4 Drivers/CMakeFiles/STM32_Drivers.dir/CMSIS/Device/ST/STM32F1xx/Source/Templates/system_stm32f1xx.c.obj
                0x20000000                SystemCoreClock
 .data.uwTickPrio
                0x20000004        0x4 Drivers/CMakeFiles/STM32_Drivers.dir/STM32F1xx_HAL_Driver/Src/stm32f1xx_hal.c.obj
                0x20000004                uwTickPrio
 .data.uwTickFreq
                0x20000008        0x1 Drivers/CMakeFiles/STM32_Drivers.dir/STM32F1xx_HAL_Driver/Src/stm32f1xx_hal.c.obj
                0x20000008                uwTickFreq
 *(.RamFunc)
 *(.RamFunc*)
                0x2000000c                        . = ALIGN (0x4)
 *fill*         0x20000009        0x3 

.igot.plt       0x2000000c        0x0 load address 0x08002bc0
 .igot.plt      0x2000000c        0x0 D:/tool_chains/STM32CubeCLT_1.21.0/GNU-tools-for-STM32/bin/../lib/gcc/arm-none-eabi/14.3.1/thumb/v7-m/nofp/crtbegin.o

.tdata          0x2000000c        0x0 load address 0x08002bc0
 *(.tdata .tdata.* .gnu.linkonce.td.*)
                0x2000000c                        . = ALIGN (0x4)
                0x2000000c                        _edata = .
                [!provide]                        PROVIDE (__data_end = .)
                [!provide]                        PROVIDE (__tdata_end = .)
                [!provide]                        PROVIDE (__tdata_start = ADDR (.tdata))
                [!provide]                        PROVIDE (__tdata_size = (__tdata_end - __tdata_start))
                [!provide]                        PROVIDE (__data_start = ADDR (.data))
                [!provide]                        PROVIDE (__data_size = (__data_end - __data_start))
                [!provide]                        PROVIDE (__tdata_source = LOADADDR (.tdata))
                [!provide]                        PROVIDE (__tdata_source_end = (LOADADDR (.tdata) + SIZEOF (.tdata)))
                [!provide]                        PROVIDE (__tdata_source_size = (__tdata_source_end - __tdata_source))
                [!provide]                        PROVIDE (__data_source = LOADADDR (.data))
                [!provide]                        PROVIDE (__data_source_end = __tdata_source_end)
                [!provide]                        PROVIDE (__data_source_size = (__data_source_end - __data_source))

.tbss           0x2000000c        0x0 load address 0x08002bc0
                0x2000000c                        _sbss = .
                0x2000000c                        __bss_start__ = _sbss
 *(.tbss .tbss.*)
                0x2000000c                        . = ALIGN (0x4)
                [!provide]                        PROVIDE (__tbss_end = .)
                [!provide]                        PROVIDE (__tbss_start = ADDR (.tbss))
                [!provide]                        PROVIDE (__tbss_size = (__tbss_end - __tbss_start))
                [!provide]                        PROVIDE (__tbss_offset = (ADDR (.tbss) - ADDR (.tdata)))
                [!provide]                        PROVIDE (__tls_base = __tdata_start)
                [!provide]                        PROVIDE (__tls_end = __tbss_end)
                [!provide]                        PROVIDE (__tls_size = (__tls_end - __tls_base))
                [!provide]                        PROVIDE (__tls_align = MAX (ALIGNOF (.tdata), ALIGNOF (.tbss)))
                [!provide]                        PROVIDE (__tls_size_align = (((__tls_size + __tls_align) - 0x1) & ~ ((__tls_align - 0x1))))
                [!provide]                        PROVIDE (__arm32_tls_tcb_offset = MAX (0x8, __tls_align))
                [!provide]                        PROVIDE (__arm64_tls_tcb_offset = MAX (0x10, __tls_align))

.bss            0x2000000c      0xabc load address 0x08002bc0
 *(.bss)
 .bss           0x2000000c       0x1c D:/tool_chains/STM32CubeCLT_1.21.0/GNU-tools-for-STM32/bin/../lib/gcc/arm-none-eabi/14.3.1/thumb/v7-m/nofp/crtbegin.o
 *(.bss*)
 .bss.uwTick    0x20000028        0x4 Drivers/CMakeFiles/STM32_Drivers.dir/STM32F1xx_HAL_Driver/Src/stm32f1xx_hal.c.obj
                0x20000028                uwTick
 .bss.s_TIM_CallBack1
                0x2000002c        0x4 BSP/CMakeFiles/BSP.dir/Src/bsp_timer.c.obj
 .bss.s_TIM_CallBack2
                0x20000030        0x4 BSP/CMakeFiles/BSP.dir/Src/bsp_timer.c.obj
 .bss.s_TIM_CallBack3
                0x20000034        0x4 BSP/CMakeFiles/BSP.dir/Src/bsp_timer.c.obj
 .bss.s_TIM_CallBack4
                0x20000038        0x4 BSP/CMakeFiles/BSP.dir/Src/bsp_timer.c.obj
 .bss.s_uiDelayCount
                0x2000003c        0x4 BSP/CMakeFiles/BSP.dir/Src/bsp_timer.c.obj
 .bss.s_ucTimeOutFlag
                0x20000040        0x1 BSP/CMakeFiles/BSP.dir/Src/bsp_timer.c.obj
 *fill*         0x20000041        0x3 
 .bss.s_tTmr    0x20000044       0x30 BSP/CMakeFiles/BSP.dir/Src/bsp_timer.c.obj
 .bss.g_iRunTime
                0x20000074        0x4 BSP/CMakeFiles/BSP.dir/Src/bsp_timer.c.obj
                0x20000074                g_iRunTime
 .bss.g_ucEnableSystickISR
                0x20000078        0x1 BSP/CMakeFiles/BSP.dir/Src/bsp_timer.c.obj
 .bss.s_count.3
                0x20000079        0x1 BSP/CMakeFiles/BSP.dir/Src/bsp_timer.c.obj
 *fill*         0x2000007a        0x2 
 .bss.g_tUart2  0x2000007c       0x2c BSP/CMakeFiles/BSP.dir/Src/bsp_uart_fifo.c.obj
 .bss.g_TxBuf2  0x200000a8        0xa BSP/CMakeFiles/BSP.dir/Src/bsp_uart_fifo.c.obj
 *fill*         0x200000b2        0x2 
 .bss.g_RxBuf2  0x200000b4      0x800 BSP/CMakeFiles/BSP.dir/Src/bsp_uart_fifo.c.obj
 .bss.g_tMsg    0x200008b4      0x144 BSP/CMakeFiles/BSP.dir/bsp_msg.c.obj
                0x200008b4                g_tMsg
 .bss.huart1    0x200009f8       0x48 Middle/letter_shell/CMakeFiles/Letter_shell.dir/shell_port.c.obj
                0x200009f8                huart1
 .bss.shellRxBuffer
                0x20000a40       0x80 Middle/letter_shell/CMakeFiles/Letter_shell.dir/shell_port.c.obj
 .bss.shellRxByte
                0x20000ac0        0x1 Middle/letter_shell/CMakeFiles/Letter_shell.dir/shell_port.c.obj
 *fill*         0x20000ac1        0x1 
 .bss.shellRxHead
                0x20000ac2        0x2 Middle/letter_shell/CMakeFiles/Letter_shell.dir/shell_port.c.obj
 .bss.shellRxTail
                0x20000ac4        0x2 Middle/letter_shell/CMakeFiles/Letter_shell.dir/shell_port.c.obj
 *(COMMON)
                0x20000ac8                        . = ALIGN (0x4)
 *fill*         0x20000ac6        0x2 
                0x20000ac8                        _ebss = .
                0x20000ac8                        __bss_end__ = _ebss
                [!provide]                        PROVIDE (__bss_end = .)
                [!provide]                        PROVIDE (__non_tls_bss_start = ADDR (.bss))
                [!provide]                        PROVIDE (__bss_start = __tbss_start)
                [!provide]                        PROVIDE (__bss_size = (__bss_end - __bss_start))

._user_heap_stack
                0x20000ac8      0x600 load address 0x08002bc0
                0x20000ac8                        . = ALIGN (0x8)
                [!provide]                        PROVIDE (end = .)
                0x20000ac8                        PROVIDE (_end = .)
                0x20000cc8                        . = (. + _Min_Heap_Size)
 *fill*         0x20000ac8      0x200 
                0x200010c8                        . = (. + _Min_Stack_Size)
 *fill*         0x20000cc8      0x400 
                0x200010c8                        . = ALIGN (0x8)

/DISCARD/
 libc.a:*(*)
 libm.a:*(*)
 libgcc.a:*(*)
OUTPUT(stm32.elf elf32-littlearm)
LOAD linker stubs

.ARM.attributes
                0x00000000       0x29
 .ARM.attributes
                0x00000000       0x1d D:/tool_chains/STM32CubeCLT_1.21.0/GNU-tools-for-STM32/bin/../lib/gcc/arm-none-eabi/14.3.1/thumb/v7-m/nofp/crti.o
 .ARM.attributes
                0x0000001d       0x2d D:/tool_chains/STM32CubeCLT_1.21.0/GNU-tools-for-STM32/bin/../lib/gcc/arm-none-eabi/14.3.1/thumb/v7-m/nofp/crtbegin.o
 .ARM.attributes
                0x0000004a       0x21 Drivers/CMakeFiles/STM32_Drivers.dir/CMSIS/Device/ST/STM32F1xx/Source/Templates/gcc/startup_stm32f103xe.s.obj
 .ARM.attributes
                0x0000006b       0x2d Drivers/CMakeFiles/STM32_Drivers.dir/CMSIS/Device/ST/STM32F1xx/Source/Templates/system_stm32f1xx.c.obj
 .ARM.attributes
                0x00000098       0x2d Drivers/CMakeFiles/STM32_Drivers.dir/STM32F1xx_HAL_Driver/Src/stm32f1xx_hal.c.obj
 .ARM.attributes
                0x000000c5       0x2d Drivers/CMakeFiles/STM32_Drivers.dir/STM32F1xx_HAL_Driver/Src/stm32f1xx_hal_cortex.c.obj
 .ARM.attributes
                0x000000f2       0x2d Drivers/CMakeFiles/STM32_Drivers.dir/STM32F1xx_HAL_Driver/Src/stm32f1xx_hal_dma.c.obj
 .ARM.attributes
                0x0000011f       0x2d Drivers/CMakeFiles/STM32_Drivers.dir/STM32F1xx_HAL_Driver/Src/stm32f1xx_hal_gpio.c.obj
 .ARM.attributes
                0x0000014c       0x2d Drivers/CMakeFiles/STM32_Drivers.dir/STM32F1xx_HAL_Driver/Src/stm32f1xx_hal_rcc.c.obj
 .ARM.attributes
                0x00000179       0x2d Drivers/CMakeFiles/STM32_Drivers.dir/STM32F1xx_HAL_Driver/Src/stm32f1xx_hal_tim.c.obj
 .ARM.attributes
                0x000001a6       0x2d Drivers/CMakeFiles/STM32_Drivers.dir/STM32F1xx_HAL_Driver/Src/stm32f1xx_hal_uart.c.obj
 .ARM.attributes
                0x000001d3       0x2d BSP/CMakeFiles/BSP.dir/Src/bsp_timer.c.obj
 .ARM.attributes
                0x00000200       0x2d BSP/CMakeFiles/BSP.dir/Src/bsp_uart_fifo.c.obj
 .ARM.attributes
                0x0000022d       0x2d BSP/CMakeFiles/BSP.dir/bsp.c.obj
 .ARM.attributes
                0x0000025a       0x2d BSP/CMakeFiles/BSP.dir/bsp_msg.c.obj
 .ARM.attributes
                0x00000287       0x2d Middle/letter_shell/CMakeFiles/Letter_shell.dir/shell_port.c.obj
 .ARM.attributes
                0x000002b4       0x2d APP/CMakeFiles/APP.dir/main.c.obj
 .ARM.attributes
                0x000002e1       0x2d D:/tool_chains/STM32CubeCLT_1.21.0/GNU-tools-for-STM32/bin/../lib/gcc/arm-none-eabi/14.3.1/../../../../arm-none-eabi/lib/thumb/v7-m/nofp\libg_nano.a(libc_a-memset.o)
 .ARM.attributes
                0x0000030e       0x2d D:/tool_chains/STM32CubeCLT_1.21.0/GNU-tools-for-STM32/bin/../lib/gcc/arm-none-eabi/14.3.1/../../../../arm-none-eabi/lib/thumb/v7-m/nofp\libg_nano.a(libc_a-init.o)
 .ARM.attributes
                0x0000033b       0x1d D:/tool_chains/STM32CubeCLT_1.21.0/GNU-tools-for-STM32/bin/../lib/gcc/arm-none-eabi/14.3.1/thumb/v7-m/nofp/crtn.o

.comment        0x00000000       0x43
 .comment       0x00000000       0x43 Drivers/CMakeFiles/STM32_Drivers.dir/CMSIS/Device/ST/STM32F1xx/Source/Templates/system_stm32f1xx.c.obj
                                 0x44 (size before relaxing)
 .comment       0x00000043       0x44 Drivers/CMakeFiles/STM32_Drivers.dir/STM32F1xx_HAL_Driver/Src/stm32f1xx_hal.c.obj
 .comment       0x00000043       0x44 Drivers/CMakeFiles/STM32_Drivers.dir/STM32F1xx_HAL_Driver/Src/stm32f1xx_hal_cortex.c.obj
 .comment       0x00000043       0x44 Drivers/CMakeFiles/STM32_Drivers.dir/STM32F1xx_HAL_Driver/Src/stm32f1xx_hal_dma.c.obj
 .comment       0x00000043       0x44 Drivers/CMakeFiles/STM32_Drivers.dir/STM32F1xx_HAL_Driver/Src/stm32f1xx_hal_gpio.c.obj
 .comment       0x00000043       0x44 Drivers/CMakeFiles/STM32_Drivers.dir/STM32F1xx_HAL_Driver/Src/stm32f1xx_hal_rcc.c.obj
 .comment       0x00000043       0x44 Drivers/CMakeFiles/STM32_Drivers.dir/STM32F1xx_HAL_Driver/Src/stm32f1xx_hal_tim.c.obj
 .comment       0x00000043       0x44 Drivers/CMakeFiles/STM32_Drivers.dir/STM32F1xx_HAL_Driver/Src/stm32f1xx_hal_uart.c.obj
 .comment       0x00000043       0x44 BSP/CMakeFiles/BSP.dir/Src/bsp_timer.c.obj
 .comment       0x00000043       0x44 BSP/CMakeFiles/BSP.dir/Src/bsp_uart_fifo.c.obj
 .comment       0x00000043       0x44 BSP/CMakeFiles/BSP.dir/bsp.c.obj
 .comment       0x00000043       0x44 BSP/CMakeFiles/BSP.dir/bsp_msg.c.obj
 .comment       0x00000043       0x44 Middle/letter_shell/CMakeFiles/Letter_shell.dir/shell_port.c.obj
 .comment       0x00000043       0x44 APP/CMakeFiles/APP.dir/main.c.obj
 .comment       0x00000043       0x44 D:/tool_chains/STM32CubeCLT_1.21.0/GNU-tools-for-STM32/bin/../lib/gcc/arm-none-eabi/14.3.1/../../../../arm-none-eabi/lib/thumb/v7-m/nofp\libg_nano.a(libc_a-memset.o)
 .comment       0x00000043       0x44 D:/tool_chains/STM32CubeCLT_1.21.0/GNU-tools-for-STM32/bin/../lib/gcc/arm-none-eabi/14.3.1/../../../../arm-none-eabi/lib/thumb/v7-m/nofp\libg_nano.a(libc_a-init.o)

.debug_line     0x00000000     0xffdd
 .debug_line    0x00000000       0x79 Drivers/CMakeFiles/STM32_Drivers.dir/CMSIS/Device/ST/STM32F1xx/Source/Templates/gcc/startup_stm32f103xe.s.obj
 .debug_line    0x00000079      0x973 Drivers/CMakeFiles/STM32_Drivers.dir/CMSIS/Device/ST/STM32F1xx/Source/Templates/system_stm32f1xx.c.obj
 .debug_line    0x000009ec      0xb7d Drivers/CMakeFiles/STM32_Drivers.dir/STM32F1xx_HAL_Driver/Src/stm32f1xx_hal.c.obj
 .debug_line    0x00001569      0xd44 Drivers/CMakeFiles/STM32_Drivers.dir/STM32F1xx_HAL_Driver/Src/stm32f1xx_hal_cortex.c.obj
 .debug_line    0x000022ad     0x147e Drivers/CMakeFiles/STM32_Drivers.dir/STM32F1xx_HAL_Driver/Src/stm32f1xx_hal_dma.c.obj
 .debug_line    0x0000372b      0xbfc Drivers/CMakeFiles/STM32_Drivers.dir/STM32F1xx_HAL_Driver/Src/stm32f1xx_hal_gpio.c.obj
 .debug_line    0x00004327     0x1033 Drivers/CMakeFiles/STM32_Drivers.dir/STM32F1xx_HAL_Driver/Src/stm32f1xx_hal_rcc.c.obj
 .debug_line    0x0000535a     0x389e Drivers/CMakeFiles/STM32_Drivers.dir/STM32F1xx_HAL_Driver/Src/stm32f1xx_hal_tim.c.obj
 .debug_line    0x00008bf8     0x2696 Drivers/CMakeFiles/STM32_Drivers.dir/STM32F1xx_HAL_Driver/Src/stm32f1xx_hal_uart.c.obj
 .debug_line    0x0000b28e      0xf5b BSP/CMakeFiles/BSP.dir/Src/bsp_timer.c.obj
 .debug_line    0x0000c1e9      0xf5d BSP/CMakeFiles/BSP.dir/Src/bsp_uart_fifo.c.obj
 .debug_line    0x0000d146      0xaac BSP/CMakeFiles/BSP.dir/bsp.c.obj
 .debug_line    0x0000dbf2      0xad9 BSP/CMakeFiles/BSP.dir/bsp_msg.c.obj
 .debug_line    0x0000e6cb      0xc0e Middle/letter_shell/CMakeFiles/Letter_shell.dir/shell_port.c.obj
 .debug_line    0x0000f2d9      0xa1d APP/CMakeFiles/APP.dir/main.c.obj
 .debug_line    0x0000fcf6      0x17e D:/tool_chains/STM32CubeCLT_1.21.0/GNU-tools-for-STM32/bin/../lib/gcc/arm-none-eabi/14.3.1/../../../../arm-none-eabi/lib/thumb/v7-m/nofp\libg_nano.a(libc_a-memset.o)
 .debug_line    0x0000fe74      0x169 D:/tool_chains/STM32CubeCLT_1.21.0/GNU-tools-for-STM32/bin/../lib/gcc/arm-none-eabi/14.3.1/../../../../arm-none-eabi/lib/thumb/v7-m/nofp\libg_nano.a(libc_a-init.o)

.debug_line_str
                0x00000000       0x91
 .debug_line_str
                0x00000000       0x91 Drivers/CMakeFiles/STM32_Drivers.dir/CMSIS/Device/ST/STM32F1xx/Source/Templates/gcc/startup_stm32f103xe.s.obj

.debug_info     0x00000000     0xbdb0
 .debug_info    0x00000000       0x30 Drivers/CMakeFiles/STM32_Drivers.dir/CMSIS/Device/ST/STM32F1xx/Source/Templates/gcc/startup_stm32f103xe.s.obj
 .debug_info    0x00000030      0x222 Drivers/CMakeFiles/STM32_Drivers.dir/CMSIS/Device/ST/STM32F1xx/Source/Templates/system_stm32f1xx.c.obj
 .debug_info    0x00000252      0x76a Drivers/CMakeFiles/STM32_Drivers.dir/STM32F1xx_HAL_Driver/Src/stm32f1xx_hal.c.obj
 .debug_info    0x000009bc      0xaed Drivers/CMakeFiles/STM32_Drivers.dir/STM32F1xx_HAL_Driver/Src/stm32f1xx_hal_cortex.c.obj
 .debug_info    0x000014a9      0x6d2 Drivers/CMakeFiles/STM32_Drivers.dir/STM32F1xx_HAL_Driver/Src/stm32f1xx_hal_dma.c.obj
 .debug_info    0x00001b7b      0x5ab Drivers/CMakeFiles/STM32_Drivers.dir/STM32F1xx_HAL_Driver/Src/stm32f1xx_hal_gpio.c.obj
 .debug_info    0x00002126      0x7d5 Drivers/CMakeFiles/STM32_Drivers.dir/STM32F1xx_HAL_Driver/Src/stm32f1xx_hal_rcc.c.obj
 .debug_info    0x000028fb     0x2959 Drivers/CMakeFiles/STM32_Drivers.dir/STM32F1xx_HAL_Driver/Src/stm32f1xx_hal_tim.c.obj
 .debug_info    0x00005254     0x2eed Drivers/CMakeFiles/STM32_Drivers.dir/STM32F1xx_HAL_Driver/Src/stm32f1xx_hal_uart.c.obj
 .debug_info    0x00008141     0x137f BSP/CMakeFiles/BSP.dir/Src/bsp_timer.c.obj
 .debug_info    0x000094c0     0x10d8 BSP/CMakeFiles/BSP.dir/Src/bsp_uart_fifo.c.obj
 .debug_info    0x0000a598      0x2cb BSP/CMakeFiles/BSP.dir/bsp.c.obj
 .debug_info    0x0000a863      0x21e BSP/CMakeFiles/BSP.dir/bsp_msg.c.obj
 .debug_info    0x0000aa81     0x1035 Middle/letter_shell/CMakeFiles/Letter_shell.dir/shell_port.c.obj
 .debug_info    0x0000bab6      0x10f APP/CMakeFiles/APP.dir/main.c.obj
 .debug_info    0x0000bbc5       0xe0 D:/tool_chains/STM32CubeCLT_1.21.0/GNU-tools-for-STM32/bin/../lib/gcc/arm-none-eabi/14.3.1/../../../../arm-none-eabi/lib/thumb/v7-m/nofp\libg_nano.a(libc_a-memset.o)
 .debug_info    0x0000bca5      0x10b D:/tool_chains/STM32CubeCLT_1.21.0/GNU-tools-for-STM32/bin/../lib/gcc/arm-none-eabi/14.3.1/../../../../arm-none-eabi/lib/thumb/v7-m/nofp\libg_nano.a(libc_a-init.o)

.debug_abbrev   0x00000000     0x21d7
 .debug_abbrev  0x00000000       0x24 Drivers/CMakeFiles/STM32_Drivers.dir/CMSIS/Device/ST/STM32F1xx/Source/Templates/gcc/startup_stm32f103xe.s.obj
 .debug_abbrev  0x00000024      0x13f Drivers/CMakeFiles/STM32_Drivers.dir/CMSIS/Device/ST/STM32F1xx/Source/Templates/system_stm32f1xx.c.obj
 .debug_abbrev  0x00000163      0x201 Drivers/CMakeFiles/STM32_Drivers.dir/STM32F1xx_HAL_Driver/Src/stm32f1xx_hal.c.obj
 .debug_abbrev  0x00000364      0x2f8 Drivers/CMakeFiles/STM32_Drivers.dir/STM32F1xx_HAL_Driver/Src/stm32f1xx_hal_cortex.c.obj
 .debug_abbrev  0x0000065c      0x20b Drivers/CMakeFiles/STM32_Drivers.dir/STM32F1xx_HAL_Driver/Src/stm32f1xx_hal_dma.c.obj
 .debug_abbrev  0x00000867      0x1ca Drivers/CMakeFiles/STM32_Drivers.dir/STM32F1xx_HAL_Driver/Src/stm32f1xx_hal_gpio.c.obj
 .debug_abbrev  0x00000a31      0x2b3 Drivers/CMakeFiles/STM32_Drivers.dir/STM32F1xx_HAL_Driver/Src/stm32f1xx_hal_rcc.c.obj
 .debug_abbrev  0x00000ce4      0x277 Drivers/CMakeFiles/STM32_Drivers.dir/STM32F1xx_HAL_Driver/Src/stm32f1xx_hal_tim.c.obj
 .debug_abbrev  0x00000f5b      0x2f8 Drivers/CMakeFiles/STM32_Drivers.dir/STM32F1xx_HAL_Driver/Src/stm32f1xx_hal_uart.c.obj
 .debug_abbrev  0x00001253      0x424 BSP/CMakeFiles/BSP.dir/Src/bsp_timer.c.obj
 .debug_abbrev  0x00001677      0x390 BSP/CMakeFiles/BSP.dir/Src/bsp_uart_fifo.c.obj
 .debug_abbrev  0x00001a07      0x179 BSP/CMakeFiles/BSP.dir/bsp.c.obj
 .debug_abbrev  0x00001b80      0x14f BSP/CMakeFiles/BSP.dir/bsp_msg.c.obj
 .debug_abbrev  0x00001ccf      0x304 Middle/letter_shell/CMakeFiles/Letter_shell.dir/shell_port.c.obj
 .debug_abbrev  0x00001fd3       0x9d APP/CMakeFiles/APP.dir/main.c.obj
 .debug_abbrev  0x00002070       0x9e D:/tool_chains/STM32CubeCLT_1.21.0/GNU-tools-for-STM32/bin/../lib/gcc/arm-none-eabi/14.3.1/../../../../arm-none-eabi/lib/thumb/v7-m/nofp\libg_nano.a(libc_a-memset.o)
 .debug_abbrev  0x0000210e       0xc9 D:/tool_chains/STM32CubeCLT_1.21.0/GNU-tools-for-STM32/bin/../lib/gcc/arm-none-eabi/14.3.1/../../../../arm-none-eabi/lib/thumb/v7-m/nofp\libg_nano.a(libc_a-init.o)

.debug_aranges  0x00000000      0xc28
 .debug_aranges
                0x00000000       0x28 Drivers/CMakeFiles/STM32_Drivers.dir/CMSIS/Device/ST/STM32F1xx/Source/Templates/gcc/startup_stm32f103xe.s.obj
 .debug_aranges
                0x00000028       0x28 Drivers/CMakeFiles/STM32_Drivers.dir/CMSIS/Device/ST/STM32F1xx/Source/Templates/system_stm32f1xx.c.obj
 .debug_aranges
                0x00000050       0xe0 Drivers/CMakeFiles/STM32_Drivers.dir/STM32F1xx_HAL_Driver/Src/stm32f1xx_hal.c.obj
 .debug_aranges
                0x00000130      0x100 Drivers/CMakeFiles/STM32_Drivers.dir/STM32F1xx_HAL_Driver/Src/stm32f1xx_hal_cortex.c.obj
 .debug_aranges
                0x00000230       0x80 Drivers/CMakeFiles/STM32_Drivers.dir/STM32F1xx_HAL_Driver/Src/stm32f1xx_hal_dma.c.obj
 .debug_aranges
                0x000002b0       0x58 Drivers/CMakeFiles/STM32_Drivers.dir/STM32F1xx_HAL_Driver/Src/stm32f1xx_hal_gpio.c.obj
 .debug_aranges
                0x00000308       0x90 Drivers/CMakeFiles/STM32_Drivers.dir/STM32F1xx_HAL_Driver/Src/stm32f1xx_hal_rcc.c.obj
 .debug_aranges
                0x00000398      0x3d0 Drivers/CMakeFiles/STM32_Drivers.dir/STM32F1xx_HAL_Driver/Src/stm32f1xx_hal_tim.c.obj
 .debug_aranges
                0x00000768      0x208 Drivers/CMakeFiles/STM32_Drivers.dir/STM32F1xx_HAL_Driver/Src/stm32f1xx_hal_uart.c.obj
 .debug_aranges
                0x00000970       0xa0 BSP/CMakeFiles/BSP.dir/Src/bsp_timer.c.obj
 .debug_aranges
                0x00000a10       0xd8 BSP/CMakeFiles/BSP.dir/Src/bsp_uart_fifo.c.obj
 .debug_aranges
                0x00000ae8       0x48 BSP/CMakeFiles/BSP.dir/bsp.c.obj
 .debug_aranges
                0x00000b30       0x40 BSP/CMakeFiles/BSP.dir/bsp_msg.c.obj
 .debug_aranges
                0x00000b70       0x58 Middle/letter_shell/CMakeFiles/Letter_shell.dir/shell_port.c.obj
 .debug_aranges
                0x00000bc8       0x20 APP/CMakeFiles/APP.dir/main.c.obj
 .debug_aranges
                0x00000be8       0x20 D:/tool_chains/STM32CubeCLT_1.21.0/GNU-tools-for-STM32/bin/../lib/gcc/arm-none-eabi/14.3.1/../../../../arm-none-eabi/lib/thumb/v7-m/nofp\libg_nano.a(libc_a-memset.o)
 .debug_aranges
                0x00000c08       0x20 D:/tool_chains/STM32CubeCLT_1.21.0/GNU-tools-for-STM32/bin/../lib/gcc/arm-none-eabi/14.3.1/../../../../arm-none-eabi/lib/thumb/v7-m/nofp\libg_nano.a(libc_a-init.o)

.debug_str      0x00000000    0xb7eb2
 .debug_str     0x00000000    0xb7eb2 Drivers/CMakeFiles/STM32_Drivers.dir/CMSIS/Device/ST/STM32F1xx/Source/Templates/gcc/startup_stm32f103xe.s.obj
                                 0xad (size before relaxing)
 .debug_str     0x000b7eb2    0xb058d Drivers/CMakeFiles/STM32_Drivers.dir/CMSIS/Device/ST/STM32F1xx/Source/Templates/system_stm32f1xx.c.obj
 .debug_str     0x000b7eb2    0xb0d7a Drivers/CMakeFiles/STM32_Drivers.dir/STM32F1xx_HAL_Driver/Src/stm32f1xx_hal.c.obj
 .debug_str     0x000b7eb2    0xb0cc6 Drivers/CMakeFiles/STM32_Drivers.dir/STM32F1xx_HAL_Driver/Src/stm32f1xx_hal_cortex.c.obj
 .debug_str     0x000b7eb2    0xb090c Drivers/CMakeFiles/STM32_Drivers.dir/STM32F1xx_HAL_Driver/Src/stm32f1xx_hal_dma.c.obj
 .debug_str     0x000b7eb2    0xb08e9 Drivers/CMakeFiles/STM32_Drivers.dir/STM32F1xx_HAL_Driver/Src/stm32f1xx_hal_gpio.c.obj
 .debug_str     0x000b7eb2    0xb0992 Drivers/CMakeFiles/STM32_Drivers.dir/STM32F1xx_HAL_Driver/Src/stm32f1xx_hal_rcc.c.obj
 .debug_str     0x000b7eb2    0xb1994 Drivers/CMakeFiles/STM32_Drivers.dir/STM32F1xx_HAL_Driver/Src/stm32f1xx_hal_tim.c.obj
 .debug_str     0x000b7eb2    0xb1003 Drivers/CMakeFiles/STM32_Drivers.dir/STM32F1xx_HAL_Driver/Src/stm32f1xx_hal_uart.c.obj
 .debug_str     0x000b7eb2    0xb4821 BSP/CMakeFiles/BSP.dir/Src/bsp_timer.c.obj
 .debug_str     0x000b7eb2    0xb47e7 BSP/CMakeFiles/BSP.dir/Src/bsp_uart_fifo.c.obj
 .debug_str     0x000b7eb2    0xb3c1a BSP/CMakeFiles/BSP.dir/bsp.c.obj
 .debug_str     0x000b7eb2    0xb3ae6 BSP/CMakeFiles/BSP.dir/bsp_msg.c.obj
 .debug_str     0x000b7eb2    0xb50d5 Middle/letter_shell/CMakeFiles/Letter_shell.dir/shell_port.c.obj
 .debug_str     0x000b7eb2    0xb3a9c APP/CMakeFiles/APP.dir/main.c.obj
 .debug_str     0x000b7eb2      0x209 D:/tool_chains/STM32CubeCLT_1.21.0/GNU-tools-for-STM32/bin/../lib/gcc/arm-none-eabi/14.3.1/../../../../arm-none-eabi/lib/thumb/v7-m/nofp\libg_nano.a(libc_a-memset.o)
 .debug_str     0x000b7eb2      0x26a D:/tool_chains/STM32CubeCLT_1.21.0/GNU-tools-for-STM32/bin/../lib/gcc/arm-none-eabi/14.3.1/../../../../arm-none-eabi/lib/thumb/v7-m/nofp\libg_nano.a(libc_a-init.o)

.debug_rnglists
                0x00000000      0x974
 .debug_rnglists
                0x00000000       0x19 Drivers/CMakeFiles/STM32_Drivers.dir/CMSIS/Device/ST/STM32F1xx/Source/Templates/gcc/startup_stm32f103xe.s.obj
 .debug_rnglists
                0x00000019       0x1a Drivers/CMakeFiles/STM32_Drivers.dir/CMSIS/Device/ST/STM32F1xx/Source/Templates/system_stm32f1xx.c.obj
 .debug_rnglists
                0x00000033       0xa3 Drivers/CMakeFiles/STM32_Drivers.dir/STM32F1xx_HAL_Driver/Src/stm32f1xx_hal.c.obj
 .debug_rnglists
                0x000000d6       0xbb Drivers/CMakeFiles/STM32_Drivers.dir/STM32F1xx_HAL_Driver/Src/stm32f1xx_hal_cortex.c.obj
 .debug_rnglists
                0x00000191       0x64 Drivers/CMakeFiles/STM32_Drivers.dir/STM32F1xx_HAL_Driver/Src/stm32f1xx_hal_dma.c.obj
 .debug_rnglists
                0x000001f5       0x3f Drivers/CMakeFiles/STM32_Drivers.dir/STM32F1xx_HAL_Driver/Src/stm32f1xx_hal_gpio.c.obj
 .debug_rnglists
                0x00000234       0x6c Drivers/CMakeFiles/STM32_Drivers.dir/STM32F1xx_HAL_Driver/Src/stm32f1xx_hal_rcc.c.obj
 .debug_rnglists
                0x000002a0      0x31a Drivers/CMakeFiles/STM32_Drivers.dir/STM32F1xx_HAL_Driver/Src/stm32f1xx_hal_tim.c.obj
 .debug_rnglists
                0x000005ba      0x1bc Drivers/CMakeFiles/STM32_Drivers.dir/STM32F1xx_HAL_Driver/Src/stm32f1xx_hal_uart.c.obj
 .debug_rnglists
                0x00000776       0x7c BSP/CMakeFiles/BSP.dir/Src/bsp_timer.c.obj
 .debug_rnglists
                0x000007f2       0xad BSP/CMakeFiles/BSP.dir/Src/bsp_uart_fifo.c.obj
 .debug_rnglists
                0x0000089f       0x32 BSP/CMakeFiles/BSP.dir/bsp.c.obj
 .debug_rnglists
                0x000008d1       0x2b BSP/CMakeFiles/BSP.dir/bsp_msg.c.obj
 .debug_rnglists
                0x000008fc       0x3f Middle/letter_shell/CMakeFiles/Letter_shell.dir/shell_port.c.obj
 .debug_rnglists
                0x0000093b       0x13 APP/CMakeFiles/APP.dir/main.c.obj
 .debug_rnglists
                0x0000094e       0x13 D:/tool_chains/STM32CubeCLT_1.21.0/GNU-tools-for-STM32/bin/../lib/gcc/arm-none-eabi/14.3.1/../../../../arm-none-eabi/lib/thumb/v7-m/nofp\libg_nano.a(libc_a-memset.o)
 .debug_rnglists
                0x00000961       0x13 D:/tool_chains/STM32CubeCLT_1.21.0/GNU-tools-for-STM32/bin/../lib/gcc/arm-none-eabi/14.3.1/../../../../arm-none-eabi/lib/thumb/v7-m/nofp\libg_nano.a(libc_a-init.o)

.debug_macro    0x00000000    0x1dfc8
 .debug_macro   0x00000000      0x2e3 Drivers/CMakeFiles/STM32_Drivers.dir/CMSIS/Device/ST/STM32F1xx/Source/Templates/system_stm32f1xx.c.obj
 .debug_macro   0x000002e3      0xacc Drivers/CMakeFiles/STM32_Drivers.dir/CMSIS/Device/ST/STM32F1xx/Source/Templates/system_stm32f1xx.c.obj
 .debug_macro   0x00000daf       0x2e Drivers/CMakeFiles/STM32_Drivers.dir/CMSIS/Device/ST/STM32F1xx/Source/Templates/system_stm32f1xx.c.obj
 .debug_macro   0x00000ddd       0x22 Drivers/CMakeFiles/STM32_Drivers.dir/CMSIS/Device/ST/STM32F1xx/Source/Templates/system_stm32f1xx.c.obj
 .debug_macro   0x00000dff       0x22 Drivers/CMakeFiles/STM32_Drivers.dir/CMSIS/Device/ST/STM32F1xx/Source/Templates/system_stm32f1xx.c.obj
 .debug_macro   0x00000e21       0x8e Drivers/CMakeFiles/STM32_Drivers.dir/CMSIS/Device/ST/STM32F1xx/Source/Templates/system_stm32f1xx.c.obj
 .debug_macro   0x00000eaf       0x51 Drivers/CMakeFiles/STM32_Drivers.dir/CMSIS/Device/ST/STM32F1xx/Source/Templates/system_stm32f1xx.c.obj
 .debug_macro   0x00000f00      0x103 Drivers/CMakeFiles/STM32_Drivers.dir/CMSIS/Device/ST/STM32F1xx/Source/Templates/system_stm32f1xx.c.obj
 .debug_macro   0x00001003       0x6a Drivers/CMakeFiles/STM32_Drivers.dir/CMSIS/Device/ST/STM32F1xx/Source/Templates/system_stm32f1xx.c.obj
 .debug_macro   0x0000106d      0x1df Drivers/CMakeFiles/STM32_Drivers.dir/CMSIS/Device/ST/STM32F1xx/Source/Templates/system_stm32f1xx.c.obj
 .debug_macro   0x0000124c       0x1c Drivers/CMakeFiles/STM32_Drivers.dir/CMSIS/Device/ST/STM32F1xx/Source/Templates/system_stm32f1xx.c.obj
 .debug_macro   0x00001268       0x22 Drivers/CMakeFiles/STM32_Drivers.dir/CMSIS/Device/ST/STM32F1xx/Source/Templates/system_stm32f1xx.c.obj
 .debug_macro   0x0000128a       0xbd Drivers/CMakeFiles/STM32_Drivers.dir/CMSIS/Device/ST/STM32F1xx/Source/Templates/system_stm32f1xx.c.obj
 .debug_macro   0x00001347      0xd23 Drivers/CMakeFiles/STM32_Drivers.dir/CMSIS/Device/ST/STM32F1xx/Source/Templates/system_stm32f1xx.c.obj
 .debug_macro   0x0000206a     0xfd8c Drivers/CMakeFiles/STM32_Drivers.dir/CMSIS/Device/ST/STM32F1xx/Source/Templates/system_stm32f1xx.c.obj
 .debug_macro   0x00011df6       0x6d Drivers/CMakeFiles/STM32_Drivers.dir/CMSIS/Device/ST/STM32F1xx/Source/Templates/system_stm32f1xx.c.obj
 .debug_macro   0x00011e63      0x2cd Drivers/CMakeFiles/STM32_Drivers.dir/CMSIS/Device/ST/STM32F1xx/Source/Templates/system_stm32f1xx.c.obj
 .debug_macro   0x00012130     0x34a2 Drivers/CMakeFiles/STM32_Drivers.dir/CMSIS/Device/ST/STM32F1xx/Source/Templates/system_stm32f1xx.c.obj
 .debug_macro   0x000155d2      0x190 Drivers/CMakeFiles/STM32_Drivers.dir/CMSIS/Device/ST/STM32F1xx/Source/Templates/system_stm32f1xx.c.obj
 .debug_macro   0x00015762       0x5c Drivers/CMakeFiles/STM32_Drivers.dir/CMSIS/Device/ST/STM32F1xx/Source/Templates/system_stm32f1xx.c.obj
 .debug_macro   0x000157be      0x5bc Drivers/CMakeFiles/STM32_Drivers.dir/CMSIS/Device/ST/STM32F1xx/Source/Templates/system_stm32f1xx.c.obj
 .debug_macro   0x00015d7a      0x4d5 Drivers/CMakeFiles/STM32_Drivers.dir/CMSIS/Device/ST/STM32F1xx/Source/Templates/system_stm32f1xx.c.obj
 .debug_macro   0x0001624f      0x1cb Drivers/CMakeFiles/STM32_Drivers.dir/CMSIS/Device/ST/STM32F1xx/Source/Templates/system_stm32f1xx.c.obj
 .debug_macro   0x0001641a      0x114 Drivers/CMakeFiles/STM32_Drivers.dir/CMSIS/Device/ST/STM32F1xx/Source/Templates/system_stm32f1xx.c.obj
 .debug_macro   0x0001652e      0x1ea Drivers/CMakeFiles/STM32_Drivers.dir/CMSIS/Device/ST/STM32F1xx/Source/Templates/system_stm32f1xx.c.obj
 .debug_macro   0x00016718       0x27 Drivers/CMakeFiles/STM32_Drivers.dir/CMSIS/Device/ST/STM32F1xx/Source/Templates/system_stm32f1xx.c.obj
 .debug_macro   0x0001673f      0x144 Drivers/CMakeFiles/STM32_Drivers.dir/CMSIS/Device/ST/STM32F1xx/Source/Templates/system_stm32f1xx.c.obj
 .debug_macro   0x00016883      0x1bc Drivers/CMakeFiles/STM32_Drivers.dir/CMSIS/Device/ST/STM32F1xx/Source/Templates/system_stm32f1xx.c.obj
 .debug_macro   0x00016a3f       0x30 Drivers/CMakeFiles/STM32_Drivers.dir/CMSIS/Device/ST/STM32F1xx/Source/Templates/system_stm32f1xx.c.obj
 .debug_macro   0x00016a6f       0x3c Drivers/CMakeFiles/STM32_Drivers.dir/CMSIS/Device/ST/STM32F1xx/Source/Templates/system_stm32f1xx.c.obj
 .debug_macro   0x00016aab      0x408 Drivers/CMakeFiles/STM32_Drivers.dir/CMSIS/Device/ST/STM32F1xx/Source/Templates/system_stm32f1xx.c.obj
 .debug_macro   0x00016eb3       0x57 Drivers/CMakeFiles/STM32_Drivers.dir/CMSIS/Device/ST/STM32F1xx/Source/Templates/system_stm32f1xx.c.obj
 .debug_macro   0x00016f0a      0x46a Drivers/CMakeFiles/STM32_Drivers.dir/CMSIS/Device/ST/STM32F1xx/Source/Templates/system_stm32f1xx.c.obj
 .debug_macro   0x00017374      0x25d Drivers/CMakeFiles/STM32_Drivers.dir/CMSIS/Device/ST/STM32F1xx/Source/Templates/system_stm32f1xx.c.obj
 .debug_macro   0x000175d1       0x22 Drivers/CMakeFiles/STM32_Drivers.dir/CMSIS/Device/ST/STM32F1xx/Source/Templates/system_stm32f1xx.c.obj
 .debug_macro   0x000175f3       0xe3 Drivers/CMakeFiles/STM32_Drivers.dir/CMSIS/Device/ST/STM32F1xx/Source/Templates/system_stm32f1xx.c.obj
 .debug_macro   0x000176d6       0xde Drivers/CMakeFiles/STM32_Drivers.dir/CMSIS/Device/ST/STM32F1xx/Source/Templates/system_stm32f1xx.c.obj
 .debug_macro   0x000177b4       0x87 Drivers/CMakeFiles/STM32_Drivers.dir/CMSIS/Device/ST/STM32F1xx/Source/Templates/system_stm32f1xx.c.obj
 .debug_macro   0x0001783b      0x24f Drivers/CMakeFiles/STM32_Drivers.dir/CMSIS/Device/ST/STM32F1xx/Source/Templates/system_stm32f1xx.c.obj
 .debug_macro   0x00017a8a      0x356 Drivers/CMakeFiles/STM32_Drivers.dir/CMSIS/Device/ST/STM32F1xx/Source/Templates/system_stm32f1xx.c.obj
 .debug_macro   0x00017de0       0x88 Drivers/CMakeFiles/STM32_Drivers.dir/CMSIS/Device/ST/STM32F1xx/Source/Templates/system_stm32f1xx.c.obj
 .debug_macro   0x00017e68      0x287 Drivers/CMakeFiles/STM32_Drivers.dir/CMSIS/Device/ST/STM32F1xx/Source/Templates/system_stm32f1xx.c.obj
 .debug_macro   0x000180ef      0x1c3 Drivers/CMakeFiles/STM32_Drivers.dir/CMSIS/Device/ST/STM32F1xx/Source/Templates/system_stm32f1xx.c.obj
 .debug_macro   0x000182b2       0x78 Drivers/CMakeFiles/STM32_Drivers.dir/CMSIS/Device/ST/STM32F1xx/Source/Templates/system_stm32f1xx.c.obj
 .debug_macro   0x0001832a      0x140 Drivers/CMakeFiles/STM32_Drivers.dir/CMSIS/Device/ST/STM32F1xx/Source/Templates/system_stm32f1xx.c.obj
 .debug_macro   0x0001846a      0x1ef Drivers/CMakeFiles/STM32_Drivers.dir/CMSIS/Device/ST/STM32F1xx/Source/Templates/system_stm32f1xx.c.obj
 .debug_macro   0x00018659      0x1cb Drivers/CMakeFiles/STM32_Drivers.dir/CMSIS/Device/ST/STM32F1xx/Source/Templates/system_stm32f1xx.c.obj
 .debug_macro   0x00018824      0x183 Drivers/CMakeFiles/STM32_Drivers.dir/CMSIS/Device/ST/STM32F1xx/Source/Templates/system_stm32f1xx.c.obj
 .debug_macro   0x000189a7      0x868 Drivers/CMakeFiles/STM32_Drivers.dir/CMSIS/Device/ST/STM32F1xx/Source/Templates/system_stm32f1xx.c.obj
 .debug_macro   0x0001920f      0x1d5 Drivers/CMakeFiles/STM32_Drivers.dir/CMSIS/Device/ST/STM32F1xx/Source/Templates/system_stm32f1xx.c.obj
 .debug_macro   0x000193e4       0xea Drivers/CMakeFiles/STM32_Drivers.dir/CMSIS/Device/ST/STM32F1xx/Source/Templates/system_stm32f1xx.c.obj
 .debug_macro   0x000194ce      0x217 Drivers/CMakeFiles/STM32_Drivers.dir/CMSIS/Device/ST/STM32F1xx/Source/Templates/system_stm32f1xx.c.obj
 .debug_macro   0x000196e5      0x8ed Drivers/CMakeFiles/STM32_Drivers.dir/CMSIS/Device/ST/STM32F1xx/Source/Templates/system_stm32f1xx.c.obj
 .debug_macro   0x00019fd2      0x28e Drivers/CMakeFiles/STM32_Drivers.dir/CMSIS/Device/ST/STM32F1xx/Source/Templates/system_stm32f1xx.c.obj
 .debug_macro   0x0001a260      0x217 Drivers/CMakeFiles/STM32_Drivers.dir/CMSIS/Device/ST/STM32F1xx/Source/Templates/system_stm32f1xx.c.obj
 .debug_macro   0x0001a477      0x1a7 Drivers/CMakeFiles/STM32_Drivers.dir/CMSIS/Device/ST/STM32F1xx/Source/Templates/system_stm32f1xx.c.obj
 .debug_macro   0x0001a61e      0x2cd Drivers/CMakeFiles/STM32_Drivers.dir/CMSIS/Device/ST/STM32F1xx/Source/Templates/system_stm32f1xx.c.obj
 .debug_macro   0x0001a8eb       0x8d Drivers/CMakeFiles/STM32_Drivers.dir/CMSIS/Device/ST/STM32F1xx/Source/Templates/system_stm32f1xx.c.obj
 .debug_macro   0x0001a978       0xb7 Drivers/CMakeFiles/STM32_Drivers.dir/CMSIS/Device/ST/STM32F1xx/Source/Templates/system_stm32f1xx.c.obj
 .debug_macro   0x0001aa2f      0x242 Drivers/CMakeFiles/STM32_Drivers.dir/CMSIS/Device/ST/STM32F1xx/Source/Templates/system_stm32f1xx.c.obj
 .debug_macro   0x0001ac71      0x1f7 Drivers/CMakeFiles/STM32_Drivers.dir/CMSIS/Device/ST/STM32F1xx/Source/Templates/system_stm32f1xx.c.obj
 .debug_macro   0x0001ae68       0xb5 Drivers/CMakeFiles/STM32_Drivers.dir/CMSIS/Device/ST/STM32F1xx/Source/Templates/system_stm32f1xx.c.obj
 .debug_macro   0x0001af1d      0x307 Drivers/CMakeFiles/STM32_Drivers.dir/STM32F1xx_HAL_Driver/Src/stm32f1xx_hal.c.obj
 .debug_macro   0x0001b224      0x2e3 Drivers/CMakeFiles/STM32_Drivers.dir/STM32F1xx_HAL_Driver/Src/stm32f1xx_hal_cortex.c.obj
 .debug_macro   0x0001b507      0x2e3 Drivers/CMakeFiles/STM32_Drivers.dir/STM32F1xx_HAL_Driver/Src/stm32f1xx_hal_dma.c.obj
 .debug_macro   0x0001b7ea      0x34e Drivers/CMakeFiles/STM32_Drivers.dir/STM32F1xx_HAL_Driver/Src/stm32f1xx_hal_gpio.c.obj
 .debug_macro   0x0001bb38      0x2f5 Drivers/CMakeFiles/STM32_Drivers.dir/STM32F1xx_HAL_Driver/Src/stm32f1xx_hal_rcc.c.obj
 .debug_macro   0x0001be2d      0x2e4 Drivers/CMakeFiles/STM32_Drivers.dir/STM32F1xx_HAL_Driver/Src/stm32f1xx_hal_tim.c.obj
 .debug_macro   0x0001c111      0x2e4 Drivers/CMakeFiles/STM32_Drivers.dir/STM32F1xx_HAL_Driver/Src/stm32f1xx_hal_uart.c.obj
 .debug_macro   0x0001c3f5      0x461 BSP/CMakeFiles/BSP.dir/Src/bsp_timer.c.obj
 .debug_macro   0x0001c856       0x2e BSP/CMakeFiles/BSP.dir/Src/bsp_timer.c.obj
 .debug_macro   0x0001c884       0x74 BSP/CMakeFiles/BSP.dir/Src/bsp_timer.c.obj
 .debug_macro   0x0001c8f8       0x16 BSP/CMakeFiles/BSP.dir/Src/bsp_timer.c.obj
 .debug_macro   0x0001c90e       0x16 BSP/CMakeFiles/BSP.dir/Src/bsp_timer.c.obj
 .debug_macro   0x0001c924       0x16 BSP/CMakeFiles/BSP.dir/Src/bsp_timer.c.obj
 .debug_macro   0x0001c93a       0x20 BSP/CMakeFiles/BSP.dir/Src/bsp_timer.c.obj
 .debug_macro   0x0001c95a       0x16 BSP/CMakeFiles/BSP.dir/Src/bsp_timer.c.obj
 .debug_macro   0x0001c970       0x10 BSP/CMakeFiles/BSP.dir/Src/bsp_timer.c.obj
 .debug_macro   0x0001c980       0x10 BSP/CMakeFiles/BSP.dir/Src/bsp_timer.c.obj
 .debug_macro   0x0001c990       0x58 BSP/CMakeFiles/BSP.dir/Src/bsp_timer.c.obj
 .debug_macro   0x0001c9e8      0x497 BSP/CMakeFiles/BSP.dir/Src/bsp_uart_fifo.c.obj
 .debug_macro   0x0001ce7f      0x443 BSP/CMakeFiles/BSP.dir/bsp.c.obj
 .debug_macro   0x0001d2c2      0x443 BSP/CMakeFiles/BSP.dir/bsp_msg.c.obj
 .debug_macro   0x0001d705      0x480 Middle/letter_shell/CMakeFiles/Letter_shell.dir/shell_port.c.obj
 .debug_macro   0x0001db85      0x443 APP/CMakeFiles/APP.dir/main.c.obj

.debug_frame    0x00000000     0x2ec0
 .debug_frame   0x00000000       0x50 Drivers/CMakeFiles/STM32_Drivers.dir/CMSIS/Device/ST/STM32F1xx/Source/Templates/system_stm32f1xx.c.obj
 .debug_frame   0x00000050      0x2e4 Drivers/CMakeFiles/STM32_Drivers.dir/STM32F1xx_HAL_Driver/Src/stm32f1xx_hal.c.obj
 .debug_frame   0x00000334      0x3f0 Drivers/CMakeFiles/STM32_Drivers.dir/STM32F1xx_HAL_Driver/Src/stm32f1xx_hal_cortex.c.obj
 .debug_frame   0x00000724      0x1ec Drivers/CMakeFiles/STM32_Drivers.dir/STM32F1xx_HAL_Driver/Src/stm32f1xx_hal_dma.c.obj
 .debug_frame   0x00000910      0x130 Drivers/CMakeFiles/STM32_Drivers.dir/STM32F1xx_HAL_Driver/Src/stm32f1xx_hal_gpio.c.obj
 .debug_frame   0x00000a40      0x1f8 Drivers/CMakeFiles/STM32_Drivers.dir/STM32F1xx_HAL_Driver/Src/stm32f1xx_hal_rcc.c.obj
 .debug_frame   0x00000c38     0x10e8 Drivers/CMakeFiles/STM32_Drivers.dir/STM32F1xx_HAL_Driver/Src/stm32f1xx_hal_tim.c.obj
 .debug_frame   0x00001d20      0x8dc Drivers/CMakeFiles/STM32_Drivers.dir/STM32F1xx_HAL_Driver/Src/stm32f1xx_hal_uart.c.obj
 .debug_frame   0x000025fc      0x26c BSP/CMakeFiles/BSP.dir/Src/bsp_timer.c.obj
 .debug_frame   0x00002868      0x348 BSP/CMakeFiles/BSP.dir/Src/bsp_uart_fifo.c.obj
 .debug_frame   0x00002bb0       0xc8 BSP/CMakeFiles/BSP.dir/bsp.c.obj
 .debug_frame   0x00002c78       0xb4 BSP/CMakeFiles/BSP.dir/bsp_msg.c.obj
 .debug_frame   0x00002d2c      0x118 Middle/letter_shell/CMakeFiles/Letter_shell.dir/shell_port.c.obj
 .debug_frame   0x00002e44       0x30 APP/CMakeFiles/APP.dir/main.c.obj
 .debug_frame   0x00002e74       0x20 D:/tool_chains/STM32CubeCLT_1.21.0/GNU-tools-for-STM32/bin/../lib/gcc/arm-none-eabi/14.3.1/../../../../arm-none-eabi/lib/thumb/v7-m/nofp\libg_nano.a(libc_a-memset.o)
 .debug_frame   0x00002e94       0x2c D:/tool_chains/STM32CubeCLT_1.21.0/GNU-tools-for-STM32/bin/../lib/gcc/arm-none-eabi/14.3.1/../../../../arm-none-eabi/lib/thumb/v7-m/nofp\libg_nano.a(libc_a-init.o)

.debug_loclists
                0x00000000       0x7f
 .debug_loclists
                0x00000000       0x3b D:/tool_chains/STM32CubeCLT_1.21.0/GNU-tools-for-STM32/bin/../lib/gcc/arm-none-eabi/14.3.1/../../../../arm-none-eabi/lib/thumb/v7-m/nofp\libg_nano.a(libc_a-memset.o)
 .debug_loclists
                0x0000003b       0x44 D:/tool_chains/STM32CubeCLT_1.21.0/GNU-tools-for-STM32/bin/../lib/gcc/arm-none-eabi/14.3.1/../../../../arm-none-eabi/lib/thumb/v7-m/nofp\libg_nano.a(libc_a-init.o)
