D:/embed_project/bootloader/Drivers/CMSIS/Include/core_cm3.h:1639:22:__NVIC_SetPriority	16	static
D:/embed_project/bootloader/Drivers/CMSIS/Include/core_cm3.h:1834:26:SysTick_Config	16	static
D:/embed_project/bootloader/BSP/Src/bsp_timer.c:98:6:bsp_InitTimer	16	static
D:/embed_project/bootloader/BSP/Src/bsp_timer.c:140:6:SysTick_ISR	16	static
D:/embed_project/bootloader/BSP/Src/bsp_timer.c:185:13:bsp_SoftTimerDec	16	static
D:/embed_project/bootloader/BSP/Src/bsp_timer.c:211:6:bsp_DelayMS	24	static,ignoring_inline_asm
D:/embed_project/bootloader/BSP/Src/bsp_timer.c:252:6:bsp_DelayUS	40	static
D:/embed_project/bootloader/BSP/Src/bsp_timer.c:301:6:bsp_StartTimer	24	static,ignoring_inline_asm
D:/embed_project/bootloader/BSP/Src/bsp_timer.c:329:6:bsp_StartAutoTimer	24	static,ignoring_inline_asm
D:/embed_project/bootloader/BSP/Src/bsp_timer.c:356:6:bsp_StopTimer	24	static,ignoring_inline_asm
D:/embed_project/bootloader/BSP/Src/bsp_timer.c:383:9:bsp_CheckTimer	16	static
D:/embed_project/bootloader/BSP/Src/bsp_timer.c:409:9:bsp_GetRunTime	24	static,ignoring_inline_asm
D:/embed_project/bootloader/BSP/Src/bsp_timer.c:430:9:bsp_CheckRunTime	32	static,ignoring_inline_asm
D:/embed_project/bootloader/BSP/Src/bsp_timer.c:461:6:SysTick_Handler	8	static
D:/embed_project/bootloader/BSP/Src/bsp_timer.c:490:6:bsp_InitHardTimer	104	static
D:/embed_project/bootloader/BSP/Src/bsp_timer.c:569:6:bsp_StartHardTimer	40	static
D:/embed_project/bootloader/BSP/Src/bsp_timer.c:625:6:TIM2_IRQHandler	16	static
