D:/embed_project/bootloader/BSP/Src/bsp_uart_fifo.c:145:6:bsp_InitUart	8	static
D:/embed_project/bootloader/BSP/Src/bsp_uart_fifo.c:163:9:ComToUart	16	static
D:/embed_project/bootloader/BSP/Src/bsp_uart_fifo.c:220:16:ComToUSARTx	16	static
D:/embed_project/bootloader/BSP/Src/bsp_uart_fifo.c:279:6:comSendBuf	24	static
D:/embed_project/bootloader/BSP/Src/bsp_uart_fifo.c:306:6:comSendChar	16	static
D:/embed_project/bootloader/BSP/Src/bsp_uart_fifo.c:320:9:comGetChar	24	static
D:/embed_project/bootloader/BSP/Src/bsp_uart_fifo.c:341:6:comClearTxFifo	24	static
D:/embed_project/bootloader/BSP/Src/bsp_uart_fifo.c:364:6:comClearRxFifo	24	static
D:/embed_project/bootloader/BSP/Src/bsp_uart_fifo.c:389:6:comSetBaud	24	static
D:/embed_project/bootloader/BSP/Src/bsp_uart_fifo.c:412:6:RS485_InitTXE	32	static
D:/embed_project/bootloader/BSP/Src/bsp_uart_fifo.c:436:6:RS485_SetBaud	16	static
D:/embed_project/bootloader/BSP/Src/bsp_uart_fifo.c:450:6:RS485_SendBefor	4	static
D:/embed_project/bootloader/BSP/Src/bsp_uart_fifo.c:464:6:RS485_SendOver	4	static
D:/embed_project/bootloader/BSP/Src/bsp_uart_fifo.c:478:6:RS485_SendBuf	16	static
D:/embed_project/bootloader/BSP/Src/bsp_uart_fifo.c:491:6:RS485_SendStr	16	static
D:/embed_project/bootloader/BSP/Src/bsp_uart_fifo.c:505:6:RS485_ReciveNew	16	static
D:/embed_project/bootloader/BSP/Src/bsp_uart_fifo.c:520:13:UartVarInit	4	static
D:/embed_project/bootloader/BSP/Src/bsp_uart_fifo.c:625:6:bsp_SetUartParam	96	static
D:/embed_project/bootloader/BSP/Src/bsp_uart_fifo.c:662:13:InitHardUart	40	static
D:/embed_project/bootloader/BSP/Src/bsp_uart_fifo.c:839:13:UartSend	48	static,ignoring_inline_asm
D:/embed_project/bootloader/BSP/Src/bsp_uart_fifo.c:891:16:UartGetChar	40	static,ignoring_inline_asm
D:/embed_project/bootloader/BSP/Src/bsp_uart_fifo.c:930:9:UartTxEmpty	24	static
D:/embed_project/bootloader/BSP/Src/bsp_uart_fifo.c:958:13:UartIRQ	32	static
D:/embed_project/bootloader/BSP/Src/bsp_uart_fifo.c:1074:6:USART2_IRQHandler	8	static
